Archive member included to satisfy reference by file (symbol)

C:/MaximSDK/Libraries/PeriphDrivers/bin/MAX32655/softfp/libPeriphDriver_softfp.a(mxc_delay.o)
                              c:/MaximSDK/Examples/MAX32655/ADC/build/main.o (MXC_Delay)
C:/MaximSDK/Libraries/PeriphDrivers/bin/MAX32655/softfp/libPeriphDriver_softfp.a(sys_me17.o)
                              c:/MaximSDK/Examples/MAX32655/ADC/build/board.o (MXC_SYS_ClockEnable)
C:/MaximSDK/Libraries/PeriphDrivers/bin/MAX32655/softfp/libPeriphDriver_softfp.a(adc_me17.o)
                              c:/MaximSDK/Examples/MAX32655/ADC/build/main.o (MXC_ADC_Init)
C:/MaximSDK/Libraries/PeriphDrivers/bin/MAX32655/softfp/libPeriphDriver_softfp.a(adc_reva.o)
                              C:/MaximSDK/Libraries/PeriphDrivers/bin/MAX32655/softfp/libPeriphDriver_softfp.a(adc_me17.o) (MXC_ADC_RevA_Shutdown)
C:/MaximSDK/Libraries/PeriphDrivers/bin/MAX32655/softfp/libPeriphDriver_softfp.a(aes_me17.o)
                              C:/MaximSDK/Libraries/PeriphDrivers/bin/MAX32655/softfp/libPeriphDriver_softfp.a(sys_me17.o) (MXC_AES_Init)
C:/MaximSDK/Libraries/PeriphDrivers/bin/MAX32655/softfp/libPeriphDriver_softfp.a(aes_revb.o)
                              C:/MaximSDK/Libraries/PeriphDrivers/bin/MAX32655/softfp/libPeriphDriver_softfp.a(aes_me17.o) (MXC_AES_RevB_IsBusy)
C:/MaximSDK/Libraries/PeriphDrivers/bin/MAX32655/softfp/libPeriphDriver_softfp.a(dma_me17.o)
                              C:/MaximSDK/Libraries/PeriphDrivers/bin/MAX32655/softfp/libPeriphDriver_softfp.a(adc_reva.o) (MXC_DMA_Init)
C:/MaximSDK/Libraries/PeriphDrivers/bin/MAX32655/softfp/libPeriphDriver_softfp.a(dma_reva.o)
                              C:/MaximSDK/Libraries/PeriphDrivers/bin/MAX32655/softfp/libPeriphDriver_softfp.a(dma_me17.o) (MXC_DMA_RevA_Init)
C:/MaximSDK/Libraries/PeriphDrivers/bin/MAX32655/softfp/libPeriphDriver_softfp.a(flc_me17.o)
                              C:/MaximSDK/Libraries/PeriphDrivers/bin/MAX32655/softfp/libPeriphDriver_softfp.a(sys_me17.o) (MXC_FLC_UnlockInfoBlock)
C:/MaximSDK/Libraries/PeriphDrivers/bin/MAX32655/softfp/libPeriphDriver_softfp.a(flc_reva.o)
                              C:/MaximSDK/Libraries/PeriphDrivers/bin/MAX32655/softfp/libPeriphDriver_softfp.a(flc_me17.o) (MXC_FLC_RevA_Busy)
C:/MaximSDK/Libraries/PeriphDrivers/bin/MAX32655/softfp/libPeriphDriver_softfp.a(gpio_me17.o)
                              c:/MaximSDK/Examples/MAX32655/ADC/build/pb.o (MXC_GPIO_InGet)
C:/MaximSDK/Libraries/PeriphDrivers/bin/MAX32655/softfp/libPeriphDriver_softfp.a(gpio_reva.o)
                              C:/MaximSDK/Libraries/PeriphDrivers/bin/MAX32655/softfp/libPeriphDriver_softfp.a(gpio_me17.o) (MXC_GPIO_RevA_InGet)
C:/MaximSDK/Libraries/PeriphDrivers/bin/MAX32655/softfp/libPeriphDriver_softfp.a(i2c_me17.o)
                              c:/MaximSDK/Examples/MAX32655/ADC/build/max20303.o (MXC_I2C_Init)
C:/MaximSDK/Libraries/PeriphDrivers/bin/MAX32655/softfp/libPeriphDriver_softfp.a(i2c_reva.o)
                              C:/MaximSDK/Libraries/PeriphDrivers/bin/MAX32655/softfp/libPeriphDriver_softfp.a(i2c_me17.o) (MXC_I2C_RevA_DMACallback)
C:/MaximSDK/Libraries/PeriphDrivers/bin/MAX32655/softfp/libPeriphDriver_softfp.a(icc_me17.o)
                              c:/MaximSDK/Examples/MAX32655/ADC/build/system_max32655.o (MXC_ICC_Enable)
C:/MaximSDK/Libraries/PeriphDrivers/bin/MAX32655/softfp/libPeriphDriver_softfp.a(icc_reva.o)
                              C:/MaximSDK/Libraries/PeriphDrivers/bin/MAX32655/softfp/libPeriphDriver_softfp.a(icc_me17.o) (MXC_ICC_RevA_ID)
C:/MaximSDK/Libraries/PeriphDrivers/bin/MAX32655/softfp/libPeriphDriver_softfp.a(simo_me17.o)
                              c:/MaximSDK/Examples/MAX32655/ADC/build/system_max32655.o (MXC_SIMO_SetVregO_A)
C:/MaximSDK/Libraries/PeriphDrivers/bin/MAX32655/softfp/libPeriphDriver_softfp.a(simo_reva.o)
                              C:/MaximSDK/Libraries/PeriphDrivers/bin/MAX32655/softfp/libPeriphDriver_softfp.a(simo_me17.o) (MXC_SIMO_RevA_SetVregO_A)
C:/MaximSDK/Libraries/PeriphDrivers/bin/MAX32655/softfp/libPeriphDriver_softfp.a(spi_me17.o)
                              c:/MaximSDK/Examples/MAX32655/ADC/build/board.o (MXC_SPI_Init)
C:/MaximSDK/Libraries/PeriphDrivers/bin/MAX32655/softfp/libPeriphDriver_softfp.a(spi_reva1.o)
                              C:/MaximSDK/Libraries/PeriphDrivers/bin/MAX32655/softfp/libPeriphDriver_softfp.a(spi_me17.o) (MXC_SPI_RevA1_Init)
C:/MaximSDK/Libraries/PeriphDrivers/bin/MAX32655/softfp/libPeriphDriver_softfp.a(trng_revb.o)
                              C:/MaximSDK/Libraries/PeriphDrivers/bin/MAX32655/softfp/libPeriphDriver_softfp.a(aes_me17.o) (MXC_TRNG_RevB_GenerateKey)
C:/MaximSDK/Libraries/PeriphDrivers/bin/MAX32655/softfp/libPeriphDriver_softfp.a(uart_me17.o)
                              c:/MaximSDK/Examples/MAX32655/ADC/build/board.o (MXC_UART_Shutdown)
C:/MaximSDK/Libraries/PeriphDrivers/bin/MAX32655/softfp/libPeriphDriver_softfp.a(uart_revb.o)
[...]
Memory Configuration

Name             Origin             Length             Attributes
ROM              0x00000000         0x00010000         xr
FLASH            0x10000000         0x00080000         xr
PAL_NVM_DB       0x10080000         0x00000000         r
RISCV_FLASH      0x10080000         0x00000000         xr
SRAM             0x20000000         0x00020000         xrw
MAILBOX_0        0x20020000         0x00000000         rw
MAILBOX_1        0x20020000         0x00000000         rw
RISCV_SRAM       0x20020000         0x00000000         xrw
*default*        0x00000000         0xffffffff

Linker script and memory map

LOAD c:/maximsdk/tools/gnutools/10.3/bin/../lib/gcc/arm-none-eabi/10.3.1/thumb/v7e-m+fp/softfp/crti.o
LOAD c:/maximsdk/tools/gnutools/10.3/bin/../lib/gcc/arm-none-eabi/10.3.1/thumb/v7e-m+fp/softfp/crtbegin.o
LOAD c:/maximsdk/tools/gnutools/10.3/bin/../lib/gcc/arm-none-eabi/10.3.1/../../../../arm-none-eabi/lib/thumb/v7e-m+fp/softfp/crt0.o
LOAD c:/MaximSDK/Examples/MAX32655/ADC/build/main.o
LOAD c:/MaximSDK/Examples/MAX32655/ADC/build/board.o
LOAD c:/MaximSDK/Examples/MAX32655/ADC/build/stdio.o
LOAD c:/MaximSDK/Examples/MAX32655/ADC/build/led.o
LOAD c:/MaximSDK/Examples/MAX32655/ADC/build/pb.o
LOAD c:/MaximSDK/Examples/MAX32655/ADC/build/max20303.o
LOAD c:/MaximSDK/Examples/MAX32655/ADC/build/w25.o
LOAD c:/MaximSDK/Examples/MAX32655/ADC/build/startup_max32655.o
LOAD c:/MaximSDK/Examples/MAX32655/ADC/build/heap.o
LOAD c:/MaximSDK/Examples/MAX32655/ADC/build/system_max32655.o
START GROUP
LOAD C:/MaximSDK/Libraries/PeriphDrivers/bin/MAX32655/softfp/libPeriphDriver_softfp.a
LOAD c:/maximsdk/tools/gnutools/10.3/bin/../lib/gcc/arm-none-eabi/10.3.1/../../../../arm-none-eabi/lib/thumb/v7e-m+fp/softfp\libc.a
LOAD c:/maximsdk/tools/gnutools/10.3/bin/../lib/gcc/arm-none-eabi/10.3.1/../../../../arm-none-eabi/lib/thumb/v7e-m+fp/softfp\libm.a
LOAD c:/maximsdk/tools/gnutools/10.3/bin/../lib/gcc/arm-none-eabi/10.3.1/../../../../arm-none-eabi/lib/thumb/v7e-m+fp/softfp\libnosys.a
END GROUP
START GROUP
LOAD c:/maximsdk/tools/gnutools/10.3/bin/../lib/gcc/arm-none-eabi/10.3.1/thumb/v7e-m+fp/softfp\libgcc.a
LOAD c:/maximsdk/tools/gnutools/10.3/bin/../lib/gcc/arm-none-eabi/10.3.1/../../../../arm-none-eabi/lib/thumb/v7e-m+fp/softfp\libc.a
END GROUP
LOAD c:/maximsdk/tools/gnutools/10.3/bin/../lib/gcc/arm-none-eabi/10.3.1/thumb/v7e-m+fp/softfp/crtend.o
LOAD c:/maximsdk/tools/gnutools/10.3/bin/../lib/gcc/arm-none-eabi/10.3.1/thumb/v7e-m+fp/softfp/crtn.o
                0x00080000                FLASH_MEM_SIZE = (_ARM_FLASH_SIZE - _PAL_NVM_SIZE)
                0x10080000                PAL_NVM_ORIGIN = ((_ARM_FLASH_SIZE - _PAL_NVM_SIZE) + _ARM_FLASH_ORIGIN)
                0x10080000                RISCV_FLASH_ORIGIN = (PAL_NVM_ORIGIN + _PAL_NVM_SIZE)
                0x00000000                RISCV_FLASH_SIZE = (_FLASH_SIZE - _ARM_FLASH_SIZE)
                0x20020000                MAILBOX_ORIGIN = (_ARM_SRAM_ORIGIN + _ARM_SRAM_SIZE)
                0x20020000                RISCV_SRAM_ORIGIN = (MAILBOX_ORIGIN + (0x2 * _MAILBOX_SIZE))
                0x00000000                RISCV_SRAM_SIZE = ((_SRAM_SIZE - _ARM_SRAM_SIZE) - (0x2 * _MAILBOX_SIZE))

.rom
 *(.rom_vector)
 *(.rom_handlers*)

.text           0x10000000     0xa584
                0x10000000                _text = .
 *(.isr_vector)
 .isr_vector    0x10000000      0x1f8 c:/MaximSDK/Examples/MAX32655/ADC/build/startup_max32655.o
                0x10000000                __isr_vector
 EXCLUDE_FILE(*riscv.o) *(.text*)
 .text          0x100001f8       0x40 c:/maximsdk/tools/gnutools/10.3/bin/../lib/gcc/arm-none-eabi/10.3.1/thumb/v7e-m+fp/softfp/crtbegin.o
 .text.initADC  0x10000238       0x3c c:/MaximSDK/Examples/MAX32655/ADC/build/main.o
                0x10000238                initADC
 .text.GPIOINIT
                0x10000274       0x64 c:/MaximSDK/Examples/MAX32655/ADC/build/main.o
                0x10000274                GPIOINIT
 .text.main     0x100002d8       0xac c:/MaximSDK/Examples/MAX32655/ADC/build/main.o
                0x100002d8                main
 .text.ext_flash_clock
                0x10000384       0x7c c:/MaximSDK/Examples/MAX32655/ADC/build/board.o
 .text.ext_flash_board_init_quad
                0x10000400       0x4c c:/MaximSDK/Examples/MAX32655/ADC/build/board.o
 .text.ext_flash_board_write
                0x1000044c       0x7c c:/MaximSDK/Examples/MAX32655/ADC/build/board.o
 .text.ext_flash_board_read
                0x100004c8       0x7c c:/MaximSDK/Examples/MAX32655/ADC/build/board.o
 .text.ext_flash_board_init
                0x10000544       0x74 c:/MaximSDK/Examples/MAX32655/ADC/build/board.o
 .text.GPIO0_IRQHandler
                0x100005b8        0xa c:/MaximSDK/Examples/MAX32655/ADC/build/board.o
                0x100005b8                GPIO0_IRQHandler
 *fill*         0x100005c2        0x2 
 .text.mxc_assert
                0x100005c4       0x10 c:/MaximSDK/Examples/MAX32655/ADC/build/board.o
                0x100005c4                mxc_assert
 .text.Console_Init
                0x100005d4       0x18 c:/MaximSDK/Examples/MAX32655/ADC/build/board.o
                0x100005d4                Console_Init
 .text.Board_Init
                0x100005ec       0x6c c:/MaximSDK/Examples/MAX32655/ADC/build/board.o
                0x100005ec                Board_Init
 .text.NMI_Handler
                0x10000658        0x4 c:/MaximSDK/Examples/MAX32655/ADC/build/board.o
                0x10000658                NMI_Handler
 .text._close   0x1000065c        0x6 c:/MaximSDK/Examples/MAX32655/ADC/build/stdio.o
                0x1000065c                _close
 .text._isatty  0x10000662        0x6 c:/MaximSDK/Examples/MAX32655/ADC/build/stdio.o
                0x10000662                _isatty
 .text._lseek   0x10000668        0x6 c:/MaximSDK/Examples/MAX32655/ADC/build/stdio.o
                0x10000668                _lseek
 .text._fstat   0x1000066e        0x6 c:/MaximSDK/Examples/MAX32655/ADC/build/stdio.o
                0x1000066e                _fstat
 .text._read    0x10000674       0x50 c:/MaximSDK/Examples/MAX32655/ADC/build/stdio.o
                0x10000674                _read
 .text._write   0x100006c4       0x44 c:/MaximSDK/Examples/MAX32655/ADC/build/stdio.o
                0x100006c4                _write
 .text.LED_Off  0x10000708       0x44 c:/MaximSDK/Examples/MAX32655/ADC/build/led.o
                0x10000708                LED_Off
 .text.LED_Init
                0x1000074c       0x3c c:/MaximSDK/Examples/MAX32655/ADC/build/led.o
                0x1000074c                LED_Init
 .text.PB_Init  0x10000788       0x38 c:/MaximSDK/Examples/MAX32655/ADC/build/pb.o
                0x10000788                PB_Init
 .text.Ext_Flash_Configure
                0x100007c0       0x28 c:/MaximSDK/Examples/MAX32655/ADC/build/w25.o
                0x100007c0                Ext_Flash_Configure
 .text          0x100007e8      0x154 c:/MaximSDK/Examples/MAX32655/ADC/build/startup_max32655.o
                0x100007e8                Reset_Handler
                0x10000826                HardFault_Handler
                0x10000828                MemManage_Handler
                0x1000082a                BusFault_Handler
                0x1000082c                UsageFault_Handler
                0x1000082e                SVC_Handler
                0x10000830                DebugMon_Handler
                0x10000832                PendSV_Handler
                0x10000834                SysTick_Handler
                0x10000836                Default_Handler
                0x10000838                PF_IRQHandler
                0x1000083a                WDT0_IRQHandler
                0x1000083c                RSV02_IRQHandler
                0x1000083e                RTC_IRQHandler
                0x10000840                TRNG_IRQHandler
                0x10000842                TMR0_IRQHandler
                0x10000844                TMR1_IRQHandler
                0x10000846                TMR2_IRQHandler
                0x10000848                TMR3_IRQHandler
                0x1000084a                TMR4_IRQHandler
                0x1000084c                TMR5_IRQHandler
                0x1000084e                RSV11_IRQHandler
                0x10000850                RSV12_IRQHandler
                0x10000852                I2C0_IRQHandler
                0x10000854                UART0_IRQHandler
                0x10000856                UART1_IRQHandler
                0x10000858                SPI1_IRQHandler
                0x1000085a                RSV17_IRQHandler
                0x1000085c                RSV18_IRQHandler
                0x1000085e                RSV19_IRQHandler
                0x10000860                ADC_IRQHandler
                0x10000862                RSV21_IRQHandler
                0x10000864                RSV22_IRQHandler
                0x10000866                FLC0_IRQHandler
                0x1000086a                GPIO1_IRQHandler
                0x1000086c                GPIO2_IRQHandler
                0x1000086e                RSV27_IRQHandler
                0x10000870                DMA0_IRQHandler
                0x10000872                DMA1_IRQHandler
                0x10000874                DMA2_IRQHandler
                0x10000876                DMA3_IRQHandler
                0x10000878                RSV32_IRQHandler
                0x1000087a                RSV33_IRQHandler
                0x1000087c                UART2_IRQHandler
                0x1000087e                RSV35_IRQHandler
                0x10000880                I2C1_IRQHandler
                0x10000882                RSV37_IRQHandler
                0x10000884                RSV38_IRQHandler
                0x10000886                BTLE_TX_DONE_IRQHandler
                0x10000888                BTLE_RX_RCVD_IRQHandler
                0x1000088a                BTLE_RX_ENG_DET_IRQHandler
                0x1000088c                BTLE_SFD_DET_IRQHandler
                0x1000088e                BTLE_SFD_TO_IRQHandler
                0x10000890                BTLE_GP_EVENT_IRQHandler
                0x10000892                BTLE_CFO_IRQHandler
                0x10000894                BTLE_SIG_DET_IRQHandler
                0x10000896                BTLE_AGC_EVENT_IRQHandler
                0x10000898                BTLE_RFFE_SPIM_IRQHandler
                0x1000089a                BTLE_TX_AES_IRQHandler
                0x1000089c                BTLE_RX_AES_IRQHandler
                0x1000089e                BTLE_INV_APB_ADDR_IRQHandler
                0x100008a0                BTLE_IQ_DATA_VALID_IRQHandler
                0x100008a2                WUT0_IRQHandler
                0x100008a4                GPIOWAKE_IRQHandler
                0x100008a6                RSV55_IRQHandler
                0x100008a8                SPI0_IRQHandler
                0x100008aa                WDT1_IRQHandler
                0x100008ac                RSV57_IRQHandler
                0x100008ae                PT_IRQHandler
                0x100008b0                RSV60_IRQHandler
                0x100008b2                RSV61_IRQHandler
                0x100008b4                I2C2_IRQHandler
                0x100008b6                RISCV_IRQHandler
                0x100008b8                RSV64_IRQHandler
                0x100008ba                RSV65_IRQHandler
                0x100008bc                RSV66_IRQHandler
                0x100008be                OWM_IRQHandler
                0x100008c0                RSV68_IRQHandler
                0x100008c2                RSV69_IRQHandler
                0x100008c4                RSV70_IRQHandler
                0x100008c6                RSV71_IRQHandler
                0x100008c8                RSV72_IRQHandler
                0x100008ca                RSV73_IRQHandler
                0x100008cc                RSV74_IRQHandler
                0x100008ce                RSV75_IRQHandler
                0x100008d0                RSV76_IRQHandler
                0x100008d2                RSV77_IRQHandler
                0x100008d4                RSV78_IRQHandler
                0x100008d6                RSV79_IRQHandler
                0x100008d8                RSV80_IRQHandler
                0x100008da                RSV81_IRQHandler
                0x100008dc                ECC_IRQHandler
                0x100008de                DVS_IRQHandler
                0x100008e0                SIMO_IRQHandler
                0x100008e2                RSV85_IRQHandler
                0x100008e4                RSV86_IRQHandler
                0x100008e6                RSV87_IRQHandler
                0x100008e8                UART3_IRQHandler
                0x100008ea                RSV89_IRQHandler
                0x100008ec                RSV90_IRQHandler
                0x100008ee                RSV91_IRQHandler
                0x100008f0                RSV92_IRQHandler
                0x100008f2                RSV93_IRQHandler
                0x100008f4                RSV94_IRQHandler
                0x100008f6                RSV95_IRQHandler
                0x100008f8                RSV96_IRQHandler
                0x100008fa                AES_IRQHandler
                0x100008fc                CRC_IRQHandler
                0x100008fe                I2S_IRQHandler
                0x10000900                RSV116_IRQHandler
                0x10000902                RSV117_IRQHandler
                0x10000904                RSV118_IRQHandler
                0x10000906                LPCMP_IRQHandler
                0x10000908                RSV120_IRQHandler
                0x1000090a                RSV121_IRQHandler
                0x1000090c                RSV122_IRQHandler
                0x1000090e                RSV123_IRQHandler
                0x10000910                RSV124_IRQHandler
                0x10000912                WUT1_IRQHandler
 .text._sbrk    0x1000093c       0x40 c:/MaximSDK/Examples/MAX32655/ADC/build/heap.o
                0x1000093c                _sbrk
 .text._getpid  0x1000097c        0x6 c:/MaximSDK/Examples/MAX32655/ADC/build/system_max32655.o
                0x1000097c                _getpid
 .text._kill    0x10000982        0x6 c:/MaximSDK/Examples/MAX32655/ADC/build/system_max32655.o
                0x10000982                _kill
 .text.SystemCoreClockUpdate
                0x10000988       0x80 c:/MaximSDK/Examples/MAX32655/ADC/build/system_max32655.o
                0x10000988                SystemCoreClockUpdate
 .text.PreInit  0x10000a08       0x48 c:/MaximSDK/Examples/MAX32655/ADC/build/system_max32655.o
                0x10000a08                PreInit
 .text.PalSysInit
                0x10000a50        0x2 c:/MaximSDK/Examples/MAX32655/ADC/build/system_max32655.o
                0x10000a50                PalSysInit
 *fill*         0x10000a52        0x2 
 .text.SystemInit
                0x10000a54       0x7c c:/MaximSDK/Examples/MAX32655/ADC/build/system_max32655.o
                0x10000a54                SystemInit
 .text.MXC_DelayInit
                0x10000ad0       0x84 C:/MaximSDK/Libraries/PeriphDrivers/bin/MAX32655/softfp/libPeriphDriver_softfp.a(mxc_delay.o)
 .text.MXC_DelayAsync
                0x10000b54       0x44 C:/MaximSDK/Libraries/PeriphDrivers/bin/MAX32655/softfp/libPeriphDriver_softfp.a(mxc_delay.o)
                0x10000b54                MXC_DelayAsync
 .text.MXC_DelayAbort
                0x10000b98       0x34 C:/MaximSDK/Libraries/PeriphDrivers/bin/MAX32655/softfp/libPeriphDriver_softfp.a(mxc_delay.o)
                0x10000b98                MXC_DelayAbort
 .text.MXC_DelayCheck
                0x10000bcc       0x64 C:/MaximSDK/Libraries/PeriphDrivers/bin/MAX32655/softfp/libPeriphDriver_softfp.a(mxc_delay.o)
                0x10000bcc                MXC_DelayCheck
 .text.MXC_Delay
                0x10000c30       0x58 C:/MaximSDK/Libraries/PeriphDrivers/bin/MAX32655/softfp/libPeriphDriver_softfp.a(mxc_delay.o)
                0x10000c30                MXC_Delay
 .text.MXC_SYS_ClockDisable
                0x10000c88       0x48 C:/MaximSDK/Libraries/PeriphDrivers/bin/MAX32655/softfp/libPeriphDriver_softfp.a(sys_me17.o)
                0x10000c88                MXC_SYS_ClockDisable
 .text.MXC_SYS_ClockEnable
                0x10000cd0       0x50 C:/MaximSDK/Libraries/PeriphDrivers/bin/MAX32655/softfp/libPeriphDriver_softfp.a(sys_me17.o)
                0x10000cd0                MXC_SYS_ClockEnable
 .text.MXC_SYS_Clock_Timeout
                0x10000d20       0x30 C:/MaximSDK/Libraries/PeriphDrivers/bin/MAX32655/softfp/libPeriphDriver_softfp.a(sys_me17.o)
                0x10000d20                MXC_SYS_Clock_Timeout
 .text.MXC_SYS_ClockSourceEnable
                0x10000d50       0x9c C:/MaximSDK/Libraries/PeriphDrivers/bin/MAX32655/softfp/libPeriphDriver_softfp.a(sys_me17.o)
                0x10000d50                MXC_SYS_ClockSourceEnable
 .text.MXC_SYS_Clock_Select
                0x10000dec      0x19c C:/MaximSDK/Libraries/PeriphDrivers/bin/MAX32655/softfp/libPeriphDriver_softfp.a(sys_me17.o)
                0x10000dec                MXC_SYS_Clock_Select
 .text.MXC_SYS_GetClockDiv
                0x10000f88        0xc C:/MaximSDK/Libraries/PeriphDrivers/bin/MAX32655/softfp/libPeriphDriver_softfp.a(sys_me17.o)
                0x10000f88                MXC_SYS_GetClockDiv
 .text.MXC_SYS_SetClockDiv
                0x10000f94       0x24 C:/MaximSDK/Libraries/PeriphDrivers/bin/MAX32655/softfp/libPeriphDriver_softfp.a(sys_me17.o)
                0x10000f94                MXC_SYS_SetClockDiv
 .text.MXC_SYS_Reset_Periph
                0x10000fb8       0x58 C:/MaximSDK/Libraries/PeriphDrivers/bin/MAX32655/softfp/libPeriphDriver_softfp.a(sys_me17.o)
                0x10000fb8                MXC_SYS_Reset_Periph
 .text.initGPIOForChannel
                0x10001010       0x74 C:/MaximSDK/Libraries/PeriphDrivers/bin/MAX32655/softfp/libPeriphDriver_softfp.a(adc_me17.o)
 .text.MXC_ADC_Init
                0x10001084       0x1c C:/MaximSDK/Libraries/PeriphDrivers/bin/MAX32655/softfp/libPeriphDriver_softfp.a(adc_me17.o)
                0x10001084                MXC_ADC_Init
 .text.MXC_ADC_GetConversionSpeed
                0x100010a0       0x12 C:/MaximSDK/Libraries/PeriphDrivers/bin/MAX32655/softfp/libPeriphDriver_softfp.a(adc_me17.o)
                0x100010a0                MXC_ADC_GetConversionSpeed
 *fill*         0x100010b2        0x2 
 .text.MXC_ADC_SetConversionSpeed
                0x100010b4       0x88 C:/MaximSDK/Libraries/PeriphDrivers/bin/MAX32655/softfp/libPeriphDriver_softfp.a(adc_me17.o)
                0x100010b4                MXC_ADC_SetConversionSpeed
 .text.MXC_ADC_EnableMonitor
                0x1000113c       0x10 C:/MaximSDK/Libraries/PeriphDrivers/bin/MAX32655/softfp/libPeriphDriver_softfp.a(adc_me17.o)
                0x1000113c                MXC_ADC_EnableMonitor
 .text.MXC_ADC_SetMonitorHighThreshold
                0x1000114c       0x14 C:/MaximSDK/Libraries/PeriphDrivers/bin/MAX32655/softfp/libPeriphDriver_softfp.a(adc_me17.o)
                0x1000114c                MXC_ADC_SetMonitorHighThreshold
 .text.MXC_ADC_SetMonitorLowThreshold
                0x10001160       0x14 C:/MaximSDK/Libraries/PeriphDrivers/bin/MAX32655/softfp/libPeriphDriver_softfp.a(adc_me17.o)
                0x10001160                MXC_ADC_SetMonitorLowThreshold
 .text.MXC_ADC_SetMonitorChannel
                0x10001174       0x1c C:/MaximSDK/Libraries/PeriphDrivers/bin/MAX32655/softfp/libPeriphDriver_softfp.a(adc_me17.o)
                0x10001174                MXC_ADC_SetMonitorChannel
 .text.MXC_ADC_StartConversion
                0x10001190       0x18 C:/MaximSDK/Libraries/PeriphDrivers/bin/MAX32655/softfp/libPeriphDriver_softfp.a(adc_me17.o)
                0x10001190                MXC_ADC_StartConversion
 .text.MXC_ADC_GetData
                0x100011a8       0x10 C:/MaximSDK/Libraries/PeriphDrivers/bin/MAX32655/softfp/libPeriphDriver_softfp.a(adc_me17.o)
                0x100011a8                MXC_ADC_GetData
 .text.MXC_ADC_RevA_ClearFlags
                0x100011b8       0x10 C:/MaximSDK/Libraries/PeriphDrivers/bin/MAX32655/softfp/libPeriphDriver_softfp.a(adc_reva.o)
                0x100011b8                MXC_ADC_RevA_ClearFlags
 .text.MXC_ADC_RevA_Init
                0x100011c8       0x64 C:/MaximSDK/Libraries/PeriphDrivers/bin/MAX32655/softfp/libPeriphDriver_softfp.a(adc_reva.o)
                0x100011c8                MXC_ADC_RevA_Init
 .text.MXC_ADC_RevA_SetConversionSpeed
                0x1000122c        0xc C:/MaximSDK/Libraries/PeriphDrivers/bin/MAX32655/softfp/libPeriphDriver_softfp.a(adc_reva.o)
                0x1000122c                MXC_ADC_RevA_SetConversionSpeed
 .text.MXC_ADC_RevA_GetConversionSpeed
                0x10001238       0x14 C:/MaximSDK/Libraries/PeriphDrivers/bin/MAX32655/softfp/libPeriphDriver_softfp.a(adc_reva.o)
                0x10001238                MXC_ADC_RevA_GetConversionSpeed
 .text.MXC_ADC_RevA_EnableMonitor
                0x1000124c       0x30 C:/MaximSDK/Libraries/PeriphDrivers/bin/MAX32655/softfp/libPeriphDriver_softfp.a(adc_reva.o)
                0x1000124c                MXC_ADC_RevA_EnableMonitor
 .text.MXC_ADC_RevA_SetMonitorHighThreshold
                0x1000127c       0x4c C:/MaximSDK/Libraries/PeriphDrivers/bin/MAX32655/softfp/libPeriphDriver_softfp.a(adc_reva.o)
                0x1000127c                MXC_ADC_RevA_SetMonitorHighThreshold
 .text.MXC_ADC_RevA_SetMonitorLowThreshold
                0x100012c8       0x44 C:/MaximSDK/Libraries/PeriphDrivers/bin/MAX32655/softfp/libPeriphDriver_softfp.a(adc_reva.o)
                0x100012c8                MXC_ADC_RevA_SetMonitorLowThreshold
 .text.MXC_ADC_RevA_SetMonitorChannel
                0x1000130c       0x44 C:/MaximSDK/Libraries/PeriphDrivers/bin/MAX32655/softfp/libPeriphDriver_softfp.a(adc_reva.o)
                0x1000130c                MXC_ADC_RevA_SetMonitorChannel
 .text.MXC_ADC_RevA_StartConversion
                0x10001350       0x4e C:/MaximSDK/Libraries/PeriphDrivers/bin/MAX32655/softfp/libPeriphDriver_softfp.a(adc_reva.o)
                0x10001350                MXC_ADC_RevA_StartConversion
 .text.MXC_ADC_RevA_GetData
                0x1000139e       0x38 C:/MaximSDK/Libraries/PeriphDrivers/bin/MAX32655/softfp/libPeriphDriver_softfp.a(adc_reva.o)
                0x1000139e                MXC_ADC_RevA_GetData
 .text.MXC_GPIO_Init
                0x100013d6       0x36 C:/MaximSDK/Libraries/PeriphDrivers/bin/MAX32655/softfp/libPeriphDriver_softfp.a(gpio_me17.o)
                0x100013d6                MXC_GPIO_Init
 .text.MXC_GPIO_OutSet
                0x1000140c       0x2c C:/MaximSDK/Libraries/PeriphDrivers/bin/MAX32655/softfp/libPeriphDriver_softfp.a(gpio_me17.o)
                0x1000140c                MXC_GPIO_OutSet
 .text.MXC_GPIO_Handler
                0x10001438        0x8 C:/MaximSDK/Libraries/PeriphDrivers/bin/MAX32655/softfp/libPeriphDriver_softfp.a(gpio_me17.o)
                0x10001438                MXC_GPIO_Handler
 .text.MXC_GPIO_ClearFlags
                0x10001440       0x1c C:/MaximSDK/Libraries/PeriphDrivers/bin/MAX32655/softfp/libPeriphDriver_softfp.a(gpio_me17.o)
                0x10001440                MXC_GPIO_ClearFlags
 .text.MXC_GPIO_GetFlags
                0x1000145c       0x1c C:/MaximSDK/Libraries/PeriphDrivers/bin/MAX32655/softfp/libPeriphDriver_softfp.a(gpio_me17.o)
                0x1000145c                MXC_GPIO_GetFlags
 .text.MXC_GPIO_SetVSSEL
                0x10001478       0x20 C:/MaximSDK/Libraries/PeriphDrivers/bin/MAX32655/softfp/libPeriphDriver_softfp.a(gpio_me17.o)
                0x10001478                MXC_GPIO_SetVSSEL
 .text.MXC_GPIO_SetDriveStrength
                0x10001498        0x8 C:/MaximSDK/Libraries/PeriphDrivers/bin/MAX32655/softfp/libPeriphDriver_softfp.a(gpio_me17.o)
                0x10001498                MXC_GPIO_SetDriveStrength
 .text.MXC_GPIO_Config
                0x100014a0      0x278 C:/MaximSDK/Libraries/PeriphDrivers/bin/MAX32655/softfp/libPeriphDriver_softfp.a(gpio_me17.o)
                0x100014a0                MXC_GPIO_Config
 .text.MXC_GPIO_RevA_OutSet
                0x10001718        0x4 C:/MaximSDK/Libraries/PeriphDrivers/bin/MAX32655/softfp/libPeriphDriver_softfp.a(gpio_reva.o)
                0x10001718                MXC_GPIO_RevA_OutSet
 .text.MXC_GPIO_RevA_ClearFlags
                0x1000171c        0x4 C:/MaximSDK/Libraries/PeriphDrivers/bin/MAX32655/softfp/libPeriphDriver_softfp.a(gpio_reva.o)
                0x1000171c                MXC_GPIO_RevA_ClearFlags
 .text.MXC_GPIO_RevA_GetFlags
                0x10001720        0x4 C:/MaximSDK/Libraries/PeriphDrivers/bin/MAX32655/softfp/libPeriphDriver_softfp.a(gpio_reva.o)
                0x10001720                MXC_GPIO_RevA_GetFlags
 .text.MXC_GPIO_RevA_SetVSSEL
                0x10001724       0x2a C:/MaximSDK/Libraries/PeriphDrivers/bin/MAX32655/softfp/libPeriphDriver_softfp.a(gpio_reva.o)
                0x10001724                MXC_GPIO_RevA_SetVSSEL
 .text.MXC_GPIO_RevA_SetAF
                0x1000174e       0x74 C:/MaximSDK/Libraries/PeriphDrivers/bin/MAX32655/softfp/libPeriphDriver_softfp.a(gpio_reva.o)
                0x1000174e                MXC_GPIO_RevA_SetAF
 .text.MXC_GPIO_RevA_SetDriveStrength
                0x100017c2       0x88 C:/MaximSDK/Libraries/PeriphDrivers/bin/MAX32655/softfp/libPeriphDriver_softfp.a(gpio_reva.o)
                0x100017c2                MXC_GPIO_RevA_SetDriveStrength
 .text.MXC_ICC_Enable
                0x1000184a        0x8 C:/MaximSDK/Libraries/PeriphDrivers/bin/MAX32655/softfp/libPeriphDriver_softfp.a(icc_me17.o)
                0x1000184a                MXC_ICC_Enable
 .text.MXC_ICC_Ready
                0x10001852        0xa C:/MaximSDK/Libraries/PeriphDrivers/bin/MAX32655/softfp/libPeriphDriver_softfp.a(icc_reva.o)
 .text.MXC_ICC_RevA_Enable
                0x1000185c       0x38 C:/MaximSDK/Libraries/PeriphDrivers/bin/MAX32655/softfp/libPeriphDriver_softfp.a(icc_reva.o)
                0x1000185c                MXC_ICC_RevA_Enable
 .text.MXC_SIMO_SetVregO_A
                0x10001894       0x10 C:/MaximSDK/Libraries/PeriphDrivers/bin/MAX32655/softfp/libPeriphDriver_softfp.a(simo_me17.o)
                0x10001894                MXC_SIMO_SetVregO_A
 .text.MXC_SIMO_SetVregO_B
                0x100018a4       0x10 C:/MaximSDK/Libraries/PeriphDrivers/bin/MAX32655/softfp/libPeriphDriver_softfp.a(simo_me17.o)
                0x100018a4                MXC_SIMO_SetVregO_B
 .text.MXC_SIMO_SetVregO_C
                0x100018b4       0x10 C:/MaximSDK/Libraries/PeriphDrivers/bin/MAX32655/softfp/libPeriphDriver_softfp.a(simo_me17.o)
                0x100018b4                MXC_SIMO_SetVregO_C
 .text.MXC_SIMO_GetOutReadyA
                0x100018c4       0x10 C:/MaximSDK/Libraries/PeriphDrivers/bin/MAX32655/softfp/libPeriphDriver_softfp.a(simo_me17.o)
                0x100018c4                MXC_SIMO_GetOutReadyA
 .text.MXC_SIMO_GetOutReadyB
                0x100018d4       0x10 C:/MaximSDK/Libraries/PeriphDrivers/bin/MAX32655/softfp/libPeriphDriver_softfp.a(simo_me17.o)
                0x100018d4                MXC_SIMO_GetOutReadyB
 .text.MXC_SIMO_GetOutReadyC
                0x100018e4       0x10 C:/MaximSDK/Libraries/PeriphDrivers/bin/MAX32655/softfp/libPeriphDriver_softfp.a(simo_me17.o)
                0x100018e4                MXC_SIMO_GetOutReadyC
 .text.MXC_SIMO_RevA_SetVregO_A
                0x100018f4       0x30 C:/MaximSDK/Libraries/PeriphDrivers/bin/MAX32655/softfp/libPeriphDriver_softfp.a(simo_reva.o)
                0x100018f4                MXC_SIMO_RevA_SetVregO_A
 .text.MXC_SIMO_RevA_SetVregO_B
                0x10001924       0x30 C:/MaximSDK/Libraries/PeriphDrivers/bin/MAX32655/softfp/libPeriphDriver_softfp.a(simo_reva.o)
                0x10001924                MXC_SIMO_RevA_SetVregO_B
 .text.MXC_SIMO_RevA_SetVregO_C
                0x10001954       0x30 C:/MaximSDK/Libraries/PeriphDrivers/bin/MAX32655/softfp/libPeriphDriver_softfp.a(simo_reva.o)
                0x10001954                MXC_SIMO_RevA_SetVregO_C
 .text.MXC_SIMO_RevA_GetOutReadyA
                0x10001984       0x12 C:/MaximSDK/Libraries/PeriphDrivers/bin/MAX32655/softfp/libPeriphDriver_softfp.a(simo_reva.o)
                0x10001984                MXC_SIMO_RevA_GetOutReadyA
 .text.MXC_SIMO_RevA_GetOutReadyB
                0x10001996       0x12 C:/MaximSDK/Libraries/PeriphDrivers/bin/MAX32655/softfp/libPeriphDriver_softfp.a(simo_reva.o)
                0x10001996                MXC_SIMO_RevA_GetOutReadyB
 .text.MXC_SIMO_RevA_GetOutReadyC
                0x100019a8       0x12 C:/MaximSDK/Libraries/PeriphDrivers/bin/MAX32655/softfp/libPeriphDriver_softfp.a(simo_reva.o)
                0x100019a8                MXC_SIMO_RevA_GetOutReadyC
 *fill*         0x100019ba        0x2 
 .text.MXC_SPI_Init
                0x100019bc      0x214 C:/MaximSDK/Libraries/PeriphDrivers/bin/MAX32655/softfp/libPeriphDriver_softfp.a(spi_me17.o)
                0x100019bc                MXC_SPI_Init
 .text.MXC_SPI_GetPeripheralClock
                0x10001bd0       0x7c C:/MaximSDK/Libraries/PeriphDrivers/bin/MAX32655/softfp/libPeriphDriver_softfp.a(spi_me17.o)
                0x10001bd0                MXC_SPI_GetPeripheralClock
 .text.MXC_SPI_SetFrequency
                0x10001c4c        0x8 C:/MaximSDK/Libraries/PeriphDrivers/bin/MAX32655/softfp/libPeriphDriver_softfp.a(spi_me17.o)
                0x10001c4c                MXC_SPI_SetFrequency
 .text.MXC_SPI_SetDataSize
                0x10001c54        0x8 C:/MaximSDK/Libraries/PeriphDrivers/bin/MAX32655/softfp/libPeriphDriver_softfp.a(spi_me17.o)
                0x10001c54                MXC_SPI_SetDataSize
 .text.MXC_SPI_GetDataSize
                0x10001c5c        0x8 C:/MaximSDK/Libraries/PeriphDrivers/bin/MAX32655/softfp/libPeriphDriver_softfp.a(spi_me17.o)
                0x10001c5c                MXC_SPI_GetDataSize
 .text.MXC_SPI_SetSlave
                0x10001c64        0x8 C:/MaximSDK/Libraries/PeriphDrivers/bin/MAX32655/softfp/libPeriphDriver_softfp.a(spi_me17.o)
                0x10001c64                MXC_SPI_SetSlave
 .text.MXC_SPI_SetWidth
                0x10001c6c        0x8 C:/MaximSDK/Libraries/PeriphDrivers/bin/MAX32655/softfp/libPeriphDriver_softfp.a(spi_me17.o)
                0x10001c6c                MXC_SPI_SetWidth
 .text.MXC_SPI_GetWidth
                0x10001c74        0x8 C:/MaximSDK/Libraries/PeriphDrivers/bin/MAX32655/softfp/libPeriphDriver_softfp.a(spi_me17.o)
                0x10001c74                MXC_SPI_GetWidth
 .text.MXC_SPI_SetMode
                0x10001c7c        0x8 C:/MaximSDK/Libraries/PeriphDrivers/bin/MAX32655/softfp/libPeriphDriver_softfp.a(spi_me17.o)
                0x10001c7c                MXC_SPI_SetMode
 .text.MXC_SPI_StartTransmission
                0x10001c84        0x8 C:/MaximSDK/Libraries/PeriphDrivers/bin/MAX32655/softfp/libPeriphDriver_softfp.a(spi_me17.o)
                0x10001c84                MXC_SPI_StartTransmission
 .text.MXC_SPI_GetActive
                0x10001c8c        0x8 C:/MaximSDK/Libraries/PeriphDrivers/bin/MAX32655/softfp/libPeriphDriver_softfp.a(spi_me17.o)
                0x10001c8c                MXC_SPI_GetActive
 .text.MXC_SPI_ReadRXFIFO
                0x10001c94        0x8 C:/MaximSDK/Libraries/PeriphDrivers/bin/MAX32655/softfp/libPeriphDriver_softfp.a(spi_me17.o)
                0x10001c94                MXC_SPI_ReadRXFIFO
 .text.MXC_SPI_GetRXFIFOAvailable
                0x10001c9c        0x8 C:/MaximSDK/Libraries/PeriphDrivers/bin/MAX32655/softfp/libPeriphDriver_softfp.a(spi_me17.o)
                0x10001c9c                MXC_SPI_GetRXFIFOAvailable
 .text.MXC_SPI_WriteTXFIFO
                0x10001ca4        0x8 C:/MaximSDK/Libraries/PeriphDrivers/bin/MAX32655/softfp/libPeriphDriver_softfp.a(spi_me17.o)
                0x10001ca4                MXC_SPI_WriteTXFIFO
 .text.MXC_SPI_GetTXFIFOAvailable
                0x10001cac        0x8 C:/MaximSDK/Libraries/PeriphDrivers/bin/MAX32655/softfp/libPeriphDriver_softfp.a(spi_me17.o)
                0x10001cac                MXC_SPI_GetTXFIFOAvailable
 .text.MXC_SPI_SetRXThreshold
                0x10001cb4        0x8 C:/MaximSDK/Libraries/PeriphDrivers/bin/MAX32655/softfp/libPeriphDriver_softfp.a(spi_me17.o)
                0x10001cb4                MXC_SPI_SetRXThreshold
 .text.MXC_SPI_SetTXThreshold
                0x10001cbc        0x8 C:/MaximSDK/Libraries/PeriphDrivers/bin/MAX32655/softfp/libPeriphDriver_softfp.a(spi_me17.o)
                0x10001cbc                MXC_SPI_SetTXThreshold
 .text.MXC_SPI_MasterTransaction
                0x10001cc4        0x8 C:/MaximSDK/Libraries/PeriphDrivers/bin/MAX32655/softfp/libPeriphDriver_softfp.a(spi_me17.o)
                0x10001cc4                MXC_SPI_MasterTransaction
 .text.MXC_SPI_RevA1_TransSetup
                0x10001ccc      0x1c4 C:/MaximSDK/Libraries/PeriphDrivers/bin/MAX32655/softfp/libPeriphDriver_softfp.a(spi_reva1.o)
 .text.MXC_SPI_RevA1_TransHandler
                0x10001e90      0x18c C:/MaximSDK/Libraries/PeriphDrivers/bin/MAX32655/softfp/libPeriphDriver_softfp.a(spi_reva1.o)
 .text.MXC_SPI_RevA1_MasterTransHandler
                0x1000201c       0x98 C:/MaximSDK/Libraries/PeriphDrivers/bin/MAX32655/softfp/libPeriphDriver_softfp.a(spi_reva1.o)
 .text.MXC_SPI_RevA1_Init
                0x100020b4      0x104 C:/MaximSDK/Libraries/PeriphDrivers/bin/MAX32655/softfp/libPeriphDriver_softfp.a(spi_reva1.o)
                0x100020b4                MXC_SPI_RevA1_Init
 .text.MXC_SPI_RevA1_SetFrequency
                0x100021b8       0x84 C:/MaximSDK/Libraries/PeriphDrivers/bin/MAX32655/softfp/libPeriphDriver_softfp.a(spi_reva1.o)
                0x100021b8                MXC_SPI_RevA1_SetFrequency
 .text.MXC_SPI_RevA1_SetDataSize
                0x1000223c       0x9c C:/MaximSDK/Libraries/PeriphDrivers/bin/MAX32655/softfp/libPeriphDriver_softfp.a(spi_reva1.o)
                0x1000223c                MXC_SPI_RevA1_SetDataSize
 .text.MXC_SPI_RevA1_GetDataSize
                0x100022d8       0x14 C:/MaximSDK/Libraries/PeriphDrivers/bin/MAX32655/softfp/libPeriphDriver_softfp.a(spi_reva1.o)
                0x100022d8                MXC_SPI_RevA1_GetDataSize
 .text.MXC_SPI_RevA1_SetSlave
                0x100022ec       0x74 C:/MaximSDK/Libraries/PeriphDrivers/bin/MAX32655/softfp/libPeriphDriver_softfp.a(spi_reva1.o)
                0x100022ec                MXC_SPI_RevA1_SetSlave
 .text.MXC_SPI_RevA1_SetWidth
                0x10002360       0x3a C:/MaximSDK/Libraries/PeriphDrivers/bin/MAX32655/softfp/libPeriphDriver_softfp.a(spi_reva1.o)
                0x10002360                MXC_SPI_RevA1_SetWidth
 .text.MXC_SPI_RevA1_GetWidth
                0x1000239a       0x28 C:/MaximSDK/Libraries/PeriphDrivers/bin/MAX32655/softfp/libPeriphDriver_softfp.a(spi_reva1.o)
                0x1000239a                MXC_SPI_RevA1_GetWidth
 .text.MXC_SPI_RevA1_SetMode
                0x100023c2       0x56 C:/MaximSDK/Libraries/PeriphDrivers/bin/MAX32655/softfp/libPeriphDriver_softfp.a(spi_reva1.o)
                0x100023c2                MXC_SPI_RevA1_SetMode
 .text.MXC_SPI_RevA1_StartTransmission
                0x10002418       0x1a C:/MaximSDK/Libraries/PeriphDrivers/bin/MAX32655/softfp/libPeriphDriver_softfp.a(spi_reva1.o)
                0x10002418                MXC_SPI_RevA1_StartTransmission
 .text.MXC_SPI_RevA1_GetActive
                0x10002432       0x12 C:/MaximSDK/Libraries/PeriphDrivers/bin/MAX32655/softfp/libPeriphDriver_softfp.a(spi_reva1.o)
                0x10002432                MXC_SPI_RevA1_GetActive
 .text.MXC_SPI_RevA1_ReadRXFIFO
                0x10002444       0x64 C:/MaximSDK/Libraries/PeriphDrivers/bin/MAX32655/softfp/libPeriphDriver_softfp.a(spi_reva1.o)
                0x10002444                MXC_SPI_RevA1_ReadRXFIFO
 .text.MXC_SPI_RevA1_GetRXFIFOAvailable
                0x100024a8        0x8 C:/MaximSDK/Libraries/PeriphDrivers/bin/MAX32655/softfp/libPeriphDriver_softfp.a(spi_reva1.o)
                0x100024a8                MXC_SPI_RevA1_GetRXFIFOAvailable
 .text.MXC_SPI_RevA1_WriteTXFIFO
                0x100024b0       0x60 C:/MaximSDK/Libraries/PeriphDrivers/bin/MAX32655/softfp/libPeriphDriver_softfp.a(spi_reva1.o)
                0x100024b0                MXC_SPI_RevA1_WriteTXFIFO
 .text.MXC_SPI_RevA1_GetTXFIFOAvailable
                0x10002510        0xc C:/MaximSDK/Libraries/PeriphDrivers/bin/MAX32655/softfp/libPeriphDriver_softfp.a(spi_reva1.o)
                0x10002510                MXC_SPI_RevA1_GetTXFIFOAvailable
 .text.MXC_SPI_RevA1_SetRXThreshold
                0x1000251c       0x1e C:/MaximSDK/Libraries/PeriphDrivers/bin/MAX32655/softfp/libPeriphDriver_softfp.a(spi_reva1.o)
                0x1000251c                MXC_SPI_RevA1_SetRXThreshold
 .text.MXC_SPI_RevA1_SetTXThreshold
                0x1000253a       0x1e C:/MaximSDK/Libraries/PeriphDrivers/bin/MAX32655/softfp/libPeriphDriver_softfp.a(spi_reva1.o)
                0x1000253a                MXC_SPI_RevA1_SetTXThreshold
 .text.MXC_SPI_RevA1_MasterTransaction
                0x10002558       0x5c C:/MaximSDK/Libraries/PeriphDrivers/bin/MAX32655/softfp/libPeriphDriver_softfp.a(spi_reva1.o)
                0x10002558                MXC_SPI_RevA1_MasterTransaction
 .text.MXC_UART_Shutdown
                0x100025b4       0x70 C:/MaximSDK/Libraries/PeriphDrivers/bin/MAX32655/softfp/libPeriphDriver_softfp.a(uart_me17.o)
                0x100025b4                MXC_UART_Shutdown
 .text.MXC_UART_Init
                0x10002624       0xa4 C:/MaximSDK/Libraries/PeriphDrivers/bin/MAX32655/softfp/libPeriphDriver_softfp.a(uart_me17.o)
                0x10002624                MXC_UART_Init
 .text.MXC_UART_GetFrequency
                0x100026c8       0x64 C:/MaximSDK/Libraries/PeriphDrivers/bin/MAX32655/softfp/libPeriphDriver_softfp.a(uart_me17.o)
                0x100026c8                MXC_UART_GetFrequency
 .text.MXC_UART_SetFrequency
                0x1000272c       0xdc C:/MaximSDK/Libraries/PeriphDrivers/bin/MAX32655/softfp/libPeriphDriver_softfp.a(uart_me17.o)
                0x1000272c                MXC_UART_SetFrequency
 .text.MXC_UART_SetDataSize
                0x10002808        0x8 C:/MaximSDK/Libraries/PeriphDrivers/bin/MAX32655/softfp/libPeriphDriver_softfp.a(uart_me17.o)
                0x10002808                MXC_UART_SetDataSize
 .text.MXC_UART_SetStopBits
                0x10002810        0x8 C:/MaximSDK/Libraries/PeriphDrivers/bin/MAX32655/softfp/libPeriphDriver_softfp.a(uart_me17.o)
                0x10002810                MXC_UART_SetStopBits
 .text.MXC_UART_SetParity
                0x10002818        0x8 C:/MaximSDK/Libraries/PeriphDrivers/bin/MAX32655/softfp/libPeriphDriver_softfp.a(uart_me17.o)
                0x10002818                MXC_UART_SetParity
 .text.MXC_UART_ReadCharacterRaw
                0x10002820        0x8 C:/MaximSDK/Libraries/PeriphDrivers/bin/MAX32655/softfp/libPeriphDriver_softfp.a(uart_me17.o)
                0x10002820                MXC_UART_ReadCharacterRaw
 .text.MXC_UART_WriteCharacterRaw
                0x10002828        0x8 C:/MaximSDK/Libraries/PeriphDrivers/bin/MAX32655/softfp/libPeriphDriver_softfp.a(uart_me17.o)
                0x10002828                MXC_UART_WriteCharacterRaw
 .text.MXC_UART_ReadCharacter
                0x10002830        0x8 C:/MaximSDK/Libraries/PeriphDrivers/bin/MAX32655/softfp/libPeriphDriver_softfp.a(uart_me17.o)
                0x10002830                MXC_UART_ReadCharacter
 .text.MXC_UART_WriteCharacter
                0x10002838        0x8 C:/MaximSDK/Libraries/PeriphDrivers/bin/MAX32655/softfp/libPeriphDriver_softfp.a(uart_me17.o)
                0x10002838                MXC_UART_WriteCharacter
 .text.MXC_UART_GetRXFIFOAvailable
                0x10002840        0x8 C:/MaximSDK/Libraries/PeriphDrivers/bin/MAX32655/softfp/libPeriphDriver_softfp.a(uart_me17.o)
                0x10002840                MXC_UART_GetRXFIFOAvailable
 .text.MXC_UART_GetTXFIFOAvailable
                0x10002848        0x8 C:/MaximSDK/Libraries/PeriphDrivers/bin/MAX32655/softfp/libPeriphDriver_softfp.a(uart_me17.o)
                0x10002848                MXC_UART_GetTXFIFOAvailable
 .text.MXC_UART_SetRXThreshold
                0x10002850        0x8 C:/MaximSDK/Libraries/PeriphDrivers/bin/MAX32655/softfp/libPeriphDriver_softfp.a(uart_me17.o)
                0x10002850                MXC_UART_SetRXThreshold
 .text.MXC_UART_RevB_Init
                0x10002858       0x7c C:/MaximSDK/Libraries/PeriphDrivers/bin/MAX32655/softfp/libPeriphDriver_softfp.a(uart_revb.o)
                0x10002858                MXC_UART_RevB_Init
 .text.MXC_UART_RevB_SetFrequency
                0x100028d4       0xac C:/MaximSDK/Libraries/PeriphDrivers/bin/MAX32655/softfp/libPeriphDriver_softfp.a(uart_revb.o)
                0x100028d4                MXC_UART_RevB_SetFrequency
 .text.MXC_UART_RevB_GetFrequency
                0x10002980       0x80 C:/MaximSDK/Libraries/PeriphDrivers/bin/MAX32655/softfp/libPeriphDriver_softfp.a(uart_revb.o)
                0x10002980                MXC_UART_RevB_GetFrequency
 .text.MXC_UART_RevB_SetDataSize
                0x10002a00       0x48 C:/MaximSDK/Libraries/PeriphDrivers/bin/MAX32655/softfp/libPeriphDriver_softfp.a(uart_revb.o)
                0x10002a00                MXC_UART_RevB_SetDataSize
 .text.MXC_UART_RevB_SetStopBits
                0x10002a48       0x4c C:/MaximSDK/Libraries/PeriphDrivers/bin/MAX32655/softfp/libPeriphDriver_softfp.a(uart_revb.o)
                0x10002a48                MXC_UART_RevB_SetStopBits
 .text.MXC_UART_RevB_SetParity
                0x10002a94       0xb8 C:/MaximSDK/Libraries/PeriphDrivers/bin/MAX32655/softfp/libPeriphDriver_softfp.a(uart_revb.o)
                0x10002a94                MXC_UART_RevB_SetParity
 .text.MXC_UART_RevB_ReadCharacterRaw
                0x10002b4c       0x3c C:/MaximSDK/Libraries/PeriphDrivers/bin/MAX32655/softfp/libPeriphDriver_softfp.a(uart_revb.o)
                0x10002b4c                MXC_UART_RevB_ReadCharacterRaw
 .text.MXC_UART_RevB_WriteCharacterRaw
                0x10002b88       0x3c C:/MaximSDK/Libraries/PeriphDrivers/bin/MAX32655/softfp/libPeriphDriver_softfp.a(uart_revb.o)
                0x10002b88                MXC_UART_RevB_WriteCharacterRaw
 .text.MXC_UART_RevB_GetRXFIFOAvailable
                0x10002bc4        0x8 C:/MaximSDK/Libraries/PeriphDrivers/bin/MAX32655/softfp/libPeriphDriver_softfp.a(uart_revb.o)
                0x10002bc4                MXC_UART_RevB_GetRXFIFOAvailable
 .text.MXC_UART_RevB_GetTXFIFOAvailable
                0x10002bcc        0xc C:/MaximSDK/Libraries/PeriphDrivers/bin/MAX32655/softfp/libPeriphDriver_softfp.a(uart_revb.o)
                0x10002bcc                MXC_UART_RevB_GetTXFIFOAvailable
 .text.MXC_UART_RevB_SetRXThreshold
                0x10002bd8       0x48 C:/MaximSDK/Libraries/PeriphDrivers/bin/MAX32655/softfp/libPeriphDriver_softfp.a(uart_revb.o)
                0x10002bd8                MXC_UART_RevB_SetRXThreshold
 .text.MXC_FreeLock
                0x10002c20        0xa C:/MaximSDK/Libraries/PeriphDrivers/bin/MAX32655/softfp/libPeriphDriver_softfp.a(mxc_lock.o)
                0x10002c20                MXC_FreeLock
 *fill*         0x10002c2a        0x2 
 .text.MXC_GPIO_Common_Init
                0x10002c2c       0x40 C:/MaximSDK/Libraries/PeriphDrivers/bin/MAX32655/softfp/libPeriphDriver_softfp.a(gpio_common.o)
                0x10002c2c                MXC_GPIO_Common_Init
 .text.MXC_GPIO_Common_Handler
                0x10002c6c       0x90 C:/MaximSDK/Libraries/PeriphDrivers/bin/MAX32655/softfp/libPeriphDriver_softfp.a(gpio_common.o)
                0x10002c6c                MXC_GPIO_Common_Handler
 .text.MXC_UART_Common_ReadCharacter
                0x10002cfc       0x16 C:/MaximSDK/Libraries/PeriphDrivers/bin/MAX32655/softfp/libPeriphDriver_softfp.a(uart_common.o)
                0x10002cfc                MXC_UART_Common_ReadCharacter
 .text.MXC_UART_Common_WriteCharacter
                0x10002d12       0x1a C:/MaximSDK/Libraries/PeriphDrivers/bin/MAX32655/softfp/libPeriphDriver_softfp.a(uart_common.o)
                0x10002d12                MXC_UART_Common_WriteCharacter
 .text.__errno  0x10002d2c        0xc c:/maximsdk/tools/gnutools/10.3/bin/../lib/gcc/arm-none-eabi/10.3.1/../../../../arm-none-eabi/lib/thumb/v7e-m+fp/softfp\libc.a(lib_a-errno.o)
                0x10002d2c                __errno
 .text.__libc_init_array
                0x10002d38       0x48 c:/maximsdk/tools/gnutools/10.3/bin/../lib/gcc/arm-none-eabi/10.3.1/../../../../arm-none-eabi/lib/thumb/v7e-m+fp/softfp\libc.a(lib_a-init.o)
                0x10002d38                __libc_init_array
 .text.malloc   0x10002d80       0x10 c:/maximsdk/tools/gnutools/10.3/bin/../lib/gcc/arm-none-eabi/10.3.1/../../../../arm-none-eabi/lib/thumb/v7e-m+fp/softfp\libc.a(lib_a-malloc.o)
                0x10002d80                malloc
 .text.free     0x10002d90       0x10 c:/maximsdk/tools/gnutools/10.3/bin/../lib/gcc/arm-none-eabi/10.3.1/../../../../arm-none-eabi/lib/thumb/v7e-m+fp/softfp\libc.a(lib_a-malloc.o)
                0x10002d90                free
 .text._malloc_r
                0x10002da0      0x560 c:/maximsdk/tools/gnutools/10.3/bin/../lib/gcc/arm-none-eabi/10.3.1/../../../../arm-none-eabi/lib/thumb/v7e-m+fp/softfp\libc.a(lib_a-mallocr.o)
                0x10002da0                _malloc_r
 .text          0x10003300      0x134 c:/maximsdk/tools/gnutools/10.3/bin/../lib/gcc/arm-none-eabi/10.3.1/../../../../arm-none-eabi/lib/thumb/v7e-m+fp/softfp\libc.a(lib_a-memcpy.o)
                0x10003300                memcpy
 .text.memset   0x10003434       0xa4 c:/maximsdk/tools/gnutools/10.3/bin/../lib/gcc/arm-none-eabi/10.3.1/../../../../arm-none-eabi/lib/thumb/v7e-m+fp/softfp\libc.a(lib_a-memset.o)
                0x10003434                memset
 .text.__malloc_lock
                0x100034d8        0xc c:/maximsdk/tools/gnutools/10.3/bin/../lib/gcc/arm-none-eabi/10.3.1/../../../../arm-none-eabi/lib/thumb/v7e-m+fp/softfp\libc.a(lib_a-mlock.o)
                0x100034d8                __malloc_lock
 .text.__malloc_unlock
                0x100034e4        0xc c:/maximsdk/tools/gnutools/10.3/bin/../lib/gcc/arm-none-eabi/10.3.1/../../../../arm-none-eabi/lib/thumb/v7e-m+fp/softfp\libc.a(lib_a-mlock.o)
                0x100034e4                __malloc_unlock
 .text.printf   0x100034f0       0x28 c:/maximsdk/tools/gnutools/10.3/bin/../lib/gcc/arm-none-eabi/10.3.1/../../../../arm-none-eabi/lib/thumb/v7e-m+fp/softfp\libc.a(lib_a-printf.o)
                0x100034f0                printf
 .text._puts_r  0x10003518       0x9c c:/maximsdk/tools/gnutools/10.3/bin/../lib/gcc/arm-none-eabi/10.3.1/../../../../arm-none-eabi/lib/thumb/v7e-m+fp/softfp\libc.a(lib_a-puts.o)
                0x10003518                _puts_r
 .text.puts     0x100035b4       0x10 c:/maximsdk/tools/gnutools/10.3/bin/../lib/gcc/arm-none-eabi/10.3.1/../../../../arm-none-eabi/lib/thumb/v7e-m+fp/softfp\libc.a(lib_a-puts.o)
                0x100035b4                puts
 .text._sbrk_r  0x100035c4       0x24 c:/maximsdk/tools/gnutools/10.3/bin/../lib/gcc/arm-none-eabi/10.3.1/../../../../arm-none-eabi/lib/thumb/v7e-m+fp/softfp\libc.a(lib_a-sbrkr.o)
                0x100035c4                _sbrk_r
 *fill*         0x100035e8       0x18 
 .text          0x10003600       0xdc c:/maximsdk/tools/gnutools/10.3/bin/../lib/gcc/arm-none-eabi/10.3.1/../../../../arm-none-eabi/lib/thumb/v7e-m+fp/softfp\libc.a(lib_a-strlen.o)
                0x10003600                strlen
 *fill*         0x100036dc        0x4 
 .text._vfprintf_r
                0x100036e0     0x1b8c c:/maximsdk/tools/gnutools/10.3/bin/../lib/gcc/arm-none-eabi/10.3.1/../../../../arm-none-eabi/lib/thumb/v7e-m+fp/softfp\libc.a(lib_a-vfprintf.o)
                0x100036e0                _vfprintf_r
 .text.__sbprintf
                0x1000526c       0x80 c:/maximsdk/tools/gnutools/10.3/bin/../lib/gcc/arm-none-eabi/10.3.1/../../../../arm-none-eabi/lib/thumb/v7e-m+fp/softfp\libc.a(lib_a-vfprintf.o)
 .text.__swsetup_r
                0x100052ec       0xd4 c:/maximsdk/tools/gnutools/10.3/bin/../lib/gcc/arm-none-eabi/10.3.1/../../../../arm-none-eabi/lib/thumb/v7e-m+fp/softfp\libc.a(lib_a-wsetup.o)
                0x100052ec                __swsetup_r
 .text.startup.register_fini
                0x100053c0       0x14 c:/maximsdk/tools/gnutools/10.3/bin/../lib/gcc/arm-none-eabi/10.3.1/../../../../arm-none-eabi/lib/thumb/v7e-m+fp/softfp\libc.a(lib_a-__call_atexit.o)
 .text.atexit   0x100053d4        0xc c:/maximsdk/tools/gnutools/10.3/bin/../lib/gcc/arm-none-eabi/10.3.1/../../../../arm-none-eabi/lib/thumb/v7e-m+fp/softfp\libc.a(lib_a-atexit.o)
                0x100053d4                atexit
 .text.quorem   0x100053e0      0x128 c:/maximsdk/tools/gnutools/10.3/bin/../lib/gcc/arm-none-eabi/10.3.1/../../../../arm-none-eabi/lib/thumb/v7e-m+fp/softfp\libc.a(lib_a-dtoa.o)
 .text._dtoa_r  0x10005508      0xf34 c:/maximsdk/tools/gnutools/10.3/bin/../lib/gcc/arm-none-eabi/10.3.1/../../../../arm-none-eabi/lib/thumb/v7e-m+fp/softfp\libc.a(lib_a-dtoa.o)
                0x10005508                _dtoa_r
 .text.__sflush_r
                0x1000643c      0x130 c:/maximsdk/tools/gnutools/10.3/bin/../lib/gcc/arm-none-eabi/10.3.1/../../../../arm-none-eabi/lib/thumb/v7e-m+fp/softfp\libc.a(lib_a-fflush.o)
                0x1000643c                __sflush_r
 .text._fflush_r
                0x1000656c       0x5c c:/maximsdk/tools/gnutools/10.3/bin/../lib/gcc/arm-none-eabi/10.3.1/../../../../arm-none-eabi/lib/thumb/v7e-m+fp/softfp\libc.a(lib_a-fflush.o)
                0x1000656c                _fflush_r
 .text._cleanup_r
                0x100065c8        0xc c:/maximsdk/tools/gnutools/10.3/bin/../lib/gcc/arm-none-eabi/10.3.1/../../../../arm-none-eabi/lib/thumb/v7e-m+fp/softfp\libc.a(lib_a-findfp.o)
                0x100065c8                _cleanup_r
 .text.__sinit  0x100065d4      0x10c c:/maximsdk/tools/gnutools/10.3/bin/../lib/gcc/arm-none-eabi/10.3.1/../../../../arm-none-eabi/lib/thumb/v7e-m+fp/softfp\libc.a(lib_a-findfp.o)
                0x100065d4                __sinit
 .text.__sfp_lock_acquire
                0x100066e0        0xc c:/maximsdk/tools/gnutools/10.3/bin/../lib/gcc/arm-none-eabi/10.3.1/../../../../arm-none-eabi/lib/thumb/v7e-m+fp/softfp\libc.a(lib_a-findfp.o)
                0x100066e0                __sfp_lock_acquire
 .text.__sfp_lock_release
                0x100066ec        0xc c:/maximsdk/tools/gnutools/10.3/bin/../lib/gcc/arm-none-eabi/10.3.1/../../../../arm-none-eabi/lib/thumb/v7e-m+fp/softfp\libc.a(lib_a-findfp.o)
                0x100066ec                __sfp_lock_release
 .text.__libc_fini_array
                0x100066f8       0x2c c:/maximsdk/tools/gnutools/10.3/bin/../lib/gcc/arm-none-eabi/10.3.1/../../../../arm-none-eabi/lib/thumb/v7e-m+fp/softfp\libc.a(lib_a-fini.o)
                0x100066f8                __libc_fini_array
 .text._malloc_trim_r
                0x10006724       0xa0 c:/maximsdk/tools/gnutools/10.3/bin/../lib/gcc/arm-none-eabi/10.3.1/../../../../arm-none-eabi/lib/thumb/v7e-m+fp/softfp\libc.a(lib_a-freer.o)
                0x10006724                _malloc_trim_r
 .text._free_r  0x100067c4      0x20c c:/maximsdk/tools/gnutools/10.3/bin/../lib/gcc/arm-none-eabi/10.3.1/../../../../arm-none-eabi/lib/thumb/v7e-m+fp/softfp\libc.a(lib_a-freer.o)
                0x100067c4                _free_r
 .text.__sfvwrite_r
                0x100069d0      0x2f0 c:/maximsdk/tools/gnutools/10.3/bin/../lib/gcc/arm-none-eabi/10.3.1/../../../../arm-none-eabi/lib/thumb/v7e-m+fp/softfp\libc.a(lib_a-fvwrite.o)
                0x100069d0                __sfvwrite_r
 .text._fwalk_reent
                0x10006cc0       0x48 c:/maximsdk/tools/gnutools/10.3/bin/../lib/gcc/arm-none-eabi/10.3.1/../../../../arm-none-eabi/lib/thumb/v7e-m+fp/softfp\libc.a(lib_a-fwalk.o)
                0x10006cc0                _fwalk_reent
 .text._localeconv_r
                0x10006d08        0x8 c:/maximsdk/tools/gnutools/10.3/bin/../lib/gcc/arm-none-eabi/10.3.1/../../../../arm-none-eabi/lib/thumb/v7e-m+fp/softfp\libc.a(lib_a-localeconv.o)
                0x10006d08                _localeconv_r
 .text.__retarget_lock_init_recursive
                0x10006d10        0x4 c:/maximsdk/tools/gnutools/10.3/bin/../lib/gcc/arm-none-eabi/10.3.1/../../../../arm-none-eabi/lib/thumb/v7e-m+fp/softfp\libc.a(lib_a-lock.o)
                0x10006d10                __retarget_lock_init_recursive
 .text.__retarget_lock_close_recursive
                0x10006d14        0x4 c:/maximsdk/tools/gnutools/10.3/bin/../lib/gcc/arm-none-eabi/10.3.1/../../../../arm-none-eabi/lib/thumb/v7e-m+fp/softfp\libc.a(lib_a-lock.o)
                0x10006d14                __retarget_lock_close_recursive
 .text.__retarget_lock_acquire_recursive
                0x10006d18        0x4 c:/maximsdk/tools/gnutools/10.3/bin/../lib/gcc/arm-none-eabi/10.3.1/../../../../arm-none-eabi/lib/thumb/v7e-m+fp/softfp\libc.a(lib_a-lock.o)
                0x10006d18                __retarget_lock_acquire_recursive
 .text.__retarget_lock_release_recursive
                0x10006d1c        0x4 c:/maximsdk/tools/gnutools/10.3/bin/../lib/gcc/arm-none-eabi/10.3.1/../../../../arm-none-eabi/lib/thumb/v7e-m+fp/softfp\libc.a(lib_a-lock.o)
                0x10006d1c                __retarget_lock_release_recursive
 .text.__smakebuf_r
                0x10006d20       0xe0 c:/maximsdk/tools/gnutools/10.3/bin/../lib/gcc/arm-none-eabi/10.3.1/../../../../arm-none-eabi/lib/thumb/v7e-m+fp/softfp\libc.a(lib_a-makebuf.o)
                0x10006d20                __smakebuf_r
 .text          0x10006e00       0xa0 c:/maximsdk/tools/gnutools/10.3/bin/../lib/gcc/arm-none-eabi/10.3.1/../../../../arm-none-eabi/lib/thumb/v7e-m+fp/softfp\libc.a(lib_a-memchr.o)
                0x10006e00                memchr
 .text.memmove  0x10006ea0       0xf8 c:/maximsdk/tools/gnutools/10.3/bin/../lib/gcc/arm-none-eabi/10.3.1/../../../../arm-none-eabi/lib/thumb/v7e-m+fp/softfp\libc.a(lib_a-memmove.o)
                0x10006ea0                memmove
 .text._Balloc  0x10006f98       0x4c c:/maximsdk/tools/gnutools/10.3/bin/../lib/gcc/arm-none-eabi/10.3.1/../../../../arm-none-eabi/lib/thumb/v7e-m+fp/softfp\libc.a(lib_a-mprec.o)
                0x10006f98                _Balloc
 .text._Bfree   0x10006fe4       0x14 c:/maximsdk/tools/gnutools/10.3/bin/../lib/gcc/arm-none-eabi/10.3.1/../../../../arm-none-eabi/lib/thumb/v7e-m+fp/softfp\libc.a(lib_a-mprec.o)
                0x10006fe4                _Bfree
 .text.__multadd
                0x10006ff8       0xa8 c:/maximsdk/tools/gnutools/10.3/bin/../lib/gcc/arm-none-eabi/10.3.1/../../../../arm-none-eabi/lib/thumb/v7e-m+fp/softfp\libc.a(lib_a-mprec.o)
                0x10006ff8                __multadd
 .text.__hi0bits
                0x100070a0       0x40 c:/maximsdk/tools/gnutools/10.3/bin/../lib/gcc/arm-none-eabi/10.3.1/../../../../arm-none-eabi/lib/thumb/v7e-m+fp/softfp\libc.a(lib_a-mprec.o)
                0x100070a0                __hi0bits
 .text.__lo0bits
                0x100070e0       0x60 c:/maximsdk/tools/gnutools/10.3/bin/../lib/gcc/arm-none-eabi/10.3.1/../../../../arm-none-eabi/lib/thumb/v7e-m+fp/softfp\libc.a(lib_a-mprec.o)
                0x100070e0                __lo0bits
 .text.__i2b    0x10007140       0x5c c:/maximsdk/tools/gnutools/10.3/bin/../lib/gcc/arm-none-eabi/10.3.1/../../../../arm-none-eabi/lib/thumb/v7e-m+fp/softfp\libc.a(lib_a-mprec.o)
                0x10007140                __i2b
 .text.__multiply
                0x1000719c      0x15c c:/maximsdk/tools/gnutools/10.3/bin/../lib/gcc/arm-none-eabi/10.3.1/../../../../arm-none-eabi/lib/thumb/v7e-m+fp/softfp\libc.a(lib_a-mprec.o)
                0x1000719c                __multiply
 .text.__pow5mult
                0x100072f8       0xc0 c:/maximsdk/tools/gnutools/10.3/bin/../lib/gcc/arm-none-eabi/10.3.1/../../../../arm-none-eabi/lib/thumb/v7e-m+fp/softfp\libc.a(lib_a-mprec.o)
                0x100072f8                __pow5mult
 .text.__lshift
                0x100073b8       0xf0 c:/maximsdk/tools/gnutools/10.3/bin/../lib/gcc/arm-none-eabi/10.3.1/../../../../arm-none-eabi/lib/thumb/v7e-m+fp/softfp\libc.a(lib_a-mprec.o)
                0x100073b8                __lshift
 .text.__mcmp   0x100074a8       0x44 c:/maximsdk/tools/gnutools/10.3/bin/../lib/gcc/arm-none-eabi/10.3.1/../../../../arm-none-eabi/lib/thumb/v7e-m+fp/softfp\libc.a(lib_a-mprec.o)
                0x100074a8                __mcmp
 .text.__mdiff  0x100074ec      0x14c c:/maximsdk/tools/gnutools/10.3/bin/../lib/gcc/arm-none-eabi/10.3.1/../../../../arm-none-eabi/lib/thumb/v7e-m+fp/softfp\libc.a(lib_a-mprec.o)
                0x100074ec                __mdiff
 .text.__d2b    0x10007638       0xc4 c:/maximsdk/tools/gnutools/10.3/bin/../lib/gcc/arm-none-eabi/10.3.1/../../../../arm-none-eabi/lib/thumb/v7e-m+fp/softfp\libc.a(lib_a-mprec.o)
                0x10007638                __d2b
 .text._realloc_r
                0x100076fc      0x3d8 c:/maximsdk/tools/gnutools/10.3/bin/../lib/gcc/arm-none-eabi/10.3.1/../../../../arm-none-eabi/lib/thumb/v7e-m+fp/softfp\libc.a(lib_a-reallocr.o)
                0x100076fc                _realloc_r
 .text.frexp    0x10007ad4       0x70 c:/maximsdk/tools/gnutools/10.3/bin/../lib/gcc/arm-none-eabi/10.3.1/../../../../arm-none-eabi/lib/thumb/v7e-m+fp/softfp\libc.a(lib_a-s_frexp.o)
                0x10007ad4                frexp
 .text.__sread  0x10007b44       0x24 c:/maximsdk/tools/gnutools/10.3/bin/../lib/gcc/arm-none-eabi/10.3.1/../../../../arm-none-eabi/lib/thumb/v7e-m+fp/softfp\libc.a(lib_a-stdio.o)
                0x10007b44                __sread
 .text.__swrite
                0x10007b68       0x40 c:/maximsdk/tools/gnutools/10.3/bin/../lib/gcc/arm-none-eabi/10.3.1/../../../../arm-none-eabi/lib/thumb/v7e-m+fp/softfp\libc.a(lib_a-stdio.o)
                0x10007b68                __swrite
 .text.__sseek  0x10007ba8       0x20 c:/maximsdk/tools/gnutools/10.3/bin/../lib/gcc/arm-none-eabi/10.3.1/../../../../arm-none-eabi/lib/thumb/v7e-m+fp/softfp\libc.a(lib_a-stdio.o)
                0x10007ba8                __sseek
 .text.__sclose
                0x10007bc8        0x8 c:/maximsdk/tools/gnutools/10.3/bin/../lib/gcc/arm-none-eabi/10.3.1/../../../../arm-none-eabi/lib/thumb/v7e-m+fp/softfp\libc.a(lib_a-stdio.o)
                0x10007bc8                __sclose
 .text.strncpy  0x10007bd0       0x64 c:/maximsdk/tools/gnutools/10.3/bin/../lib/gcc/arm-none-eabi/10.3.1/../../../../arm-none-eabi/lib/thumb/v7e-m+fp/softfp\libc.a(lib_a-strncpy.o)
                0x10007bd0                strncpy
 .text.__sprint_r.part.0
                0x10007c34       0x78 c:/maximsdk/tools/gnutools/10.3/bin/../lib/gcc/arm-none-eabi/10.3.1/../../../../arm-none-eabi/lib/thumb/v7e-m+fp/softfp\libc.a(lib_a-vfiprintf.o)
 .text.__sprint_r
                0x10007cac       0x18 c:/maximsdk/tools/gnutools/10.3/bin/../lib/gcc/arm-none-eabi/10.3.1/../../../../arm-none-eabi/lib/thumb/v7e-m+fp/softfp\libc.a(lib_a-vfiprintf.o)
                0x10007cac                __sprint_r
 .text._vfiprintf_r
                0x10007cc4      0xdfc c:/maximsdk/tools/gnutools/10.3/bin/../lib/gcc/arm-none-eabi/10.3.1/../../../../arm-none-eabi/lib/thumb/v7e-m+fp/softfp\libc.a(lib_a-vfiprintf.o)
                0x10007cc4                _vfiprintf_r
 .text.__sbprintf
                0x10008ac0       0x80 c:/maximsdk/tools/gnutools/10.3/bin/../lib/gcc/arm-none-eabi/10.3.1/../../../../arm-none-eabi/lib/thumb/v7e-m+fp/softfp\libc.a(lib_a-vfiprintf.o)
 .text._write_r
                0x10008b40       0x2c c:/maximsdk/tools/gnutools/10.3/bin/../lib/gcc/arm-none-eabi/10.3.1/../../../../arm-none-eabi/lib/thumb/v7e-m+fp/softfp\libc.a(lib_a-writer.o)
                0x10008b40                _write_r
 .text.__register_exitproc
                0x10008b6c       0x8c c:/maximsdk/tools/gnutools/10.3/bin/../lib/gcc/arm-none-eabi/10.3.1/../../../../arm-none-eabi/lib/thumb/v7e-m+fp/softfp\libc.a(lib_a-__atexit.o)
                0x10008b6c                __register_exitproc
 .text.__assert_func
                0x10008bf8       0x40 c:/maximsdk/tools/gnutools/10.3/bin/../lib/gcc/arm-none-eabi/10.3.1/../../../../arm-none-eabi/lib/thumb/v7e-m+fp/softfp\libc.a(lib_a-assert.o)
                0x10008bf8                __assert_func
 .text._calloc_r
                0x10008c38       0x78 c:/maximsdk/tools/gnutools/10.3/bin/../lib/gcc/arm-none-eabi/10.3.1/../../../../arm-none-eabi/lib/thumb/v7e-m+fp/softfp\libc.a(lib_a-callocr.o)
                0x10008c38                _calloc_r
 .text._close_r
                0x10008cb0       0x24 c:/maximsdk/tools/gnutools/10.3/bin/../lib/gcc/arm-none-eabi/10.3.1/../../../../arm-none-eabi/lib/thumb/v7e-m+fp/softfp\libc.a(lib_a-closer.o)
                0x10008cb0                _close_r
 .text._fclose_r
                0x10008cd4       0xcc c:/maximsdk/tools/gnutools/10.3/bin/../lib/gcc/arm-none-eabi/10.3.1/../../../../arm-none-eabi/lib/thumb/v7e-m+fp/softfp\libc.a(lib_a-fclose.o)
                0x10008cd4                _fclose_r
 .text.fiprintf
                0x10008da0       0x28 c:/maximsdk/tools/gnutools/10.3/bin/../lib/gcc/arm-none-eabi/10.3.1/../../../../arm-none-eabi/lib/thumb/v7e-m+fp/softfp\libc.a(lib_a-fiprintf.o)
                0x10008da0                fiprintf
 .text.__fputwc
                0x10008dc8       0xa8 c:/maximsdk/tools/gnutools/10.3/bin/../lib/gcc/arm-none-eabi/10.3.1/../../../../arm-none-eabi/lib/thumb/v7e-m+fp/softfp\libc.a(lib_a-fputwc.o)
                0x10008dc8                __fputwc
 .text._fputwc_r
                0x10008e70       0x68 c:/maximsdk/tools/gnutools/10.3/bin/../lib/gcc/arm-none-eabi/10.3.1/../../../../arm-none-eabi/lib/thumb/v7e-m+fp/softfp\libc.a(lib_a-fputwc.o)
                0x10008e70                _fputwc_r
 .text._fstat_r
                0x10008ed8       0x2c c:/maximsdk/tools/gnutools/10.3/bin/../lib/gcc/arm-none-eabi/10.3.1/../../../../arm-none-eabi/lib/thumb/v7e-m+fp/softfp\libc.a(lib_a-fstatr.o)
                0x10008ed8                _fstat_r
 .text._isatty_r
                0x10008f04       0x24 c:/maximsdk/tools/gnutools/10.3/bin/../lib/gcc/arm-none-eabi/10.3.1/../../../../arm-none-eabi/lib/thumb/v7e-m+fp/softfp\libc.a(lib_a-isattyr.o)
                0x10008f04                _isatty_r
 .text.__locale_mb_cur_max
                0x10008f28        0xc c:/maximsdk/tools/gnutools/10.3/bin/../lib/gcc/arm-none-eabi/10.3.1/../../../../arm-none-eabi/lib/thumb/v7e-m+fp/softfp\libc.a(lib_a-locale.o)
                0x10008f28                __locale_mb_cur_max
 .text._lseek_r
                0x10008f34       0x2c c:/maximsdk/tools/gnutools/10.3/bin/../lib/gcc/arm-none-eabi/10.3.1/../../../../arm-none-eabi/lib/thumb/v7e-m+fp/softfp\libc.a(lib_a-lseekr.o)
                0x10008f34                _lseek_r
 .text.__ascii_mbtowc
                0x10008f60       0x2c c:/maximsdk/tools/gnutools/10.3/bin/../lib/gcc/arm-none-eabi/10.3.1/../../../../arm-none-eabi/lib/thumb/v7e-m+fp/softfp\libc.a(lib_a-mbtowc_r.o)
                0x10008f60                __ascii_mbtowc
 .text._read_r  0x10008f8c       0x2c c:/maximsdk/tools/gnutools/10.3/bin/../lib/gcc/arm-none-eabi/10.3.1/../../../../arm-none-eabi/lib/thumb/v7e-m+fp/softfp\libc.a(lib_a-readr.o)
                0x10008f8c                _read_r
 .text.__swbuf_r
                0x10008fb8       0xb0 c:/maximsdk/tools/gnutools/10.3/bin/../lib/gcc/arm-none-eabi/10.3.1/../../../../arm-none-eabi/lib/thumb/v7e-m+fp/softfp\libc.a(lib_a-wbuf.o)
                0x10008fb8                __swbuf_r
 .text._wcrtomb_r
                0x10009068       0x3c c:/maximsdk/tools/gnutools/10.3/bin/../lib/gcc/arm-none-eabi/10.3.1/../../../../arm-none-eabi/lib/thumb/v7e-m+fp/softfp\libc.a(lib_a-wcrtomb.o)
                0x10009068                _wcrtomb_r
 .text.__ascii_wctomb
                0x100090a4       0x1c c:/maximsdk/tools/gnutools/10.3/bin/../lib/gcc/arm-none-eabi/10.3.1/../../../../arm-none-eabi/lib/thumb/v7e-m+fp/softfp\libc.a(lib_a-wctomb_r.o)
                0x100090a4                __ascii_wctomb
 .text.abort    0x100090c0       0x10 c:/maximsdk/tools/gnutools/10.3/bin/../lib/gcc/arm-none-eabi/10.3.1/../../../../arm-none-eabi/lib/thumb/v7e-m+fp/softfp\libc.a(lib_a-abort.o)
                0x100090c0                abort
 .text.raise    0x100090d0       0x5c c:/maximsdk/tools/gnutools/10.3/bin/../lib/gcc/arm-none-eabi/10.3.1/../../../../arm-none-eabi/lib/thumb/v7e-m+fp/softfp\libc.a(lib_a-signal.o)
                0x100090d0                raise
 .text._kill_r  0x1000912c       0x2c c:/maximsdk/tools/gnutools/10.3/bin/../lib/gcc/arm-none-eabi/10.3.1/../../../../arm-none-eabi/lib/thumb/v7e-m+fp/softfp\libc.a(lib_a-signalr.o)
                0x1000912c                _kill_r
 .text._getpid_r
                0x10009158        0x4 c:/maximsdk/tools/gnutools/10.3/bin/../lib/gcc/arm-none-eabi/10.3.1/../../../../arm-none-eabi/lib/thumb/v7e-m+fp/softfp\libc.a(lib_a-signalr.o)
                0x10009158                _getpid_r
 .text._exit    0x1000915c        0x4 c:/maximsdk/tools/gnutools/10.3/bin/../lib/gcc/arm-none-eabi/10.3.1/../../../../arm-none-eabi/lib/thumb/v7e-m+fp/softfp\libnosys.a(_exit.o)
                0x1000915c                _exit
 .text          0x10009160      0x378 c:/maximsdk/tools/gnutools/10.3/bin/../lib/gcc/arm-none-eabi/10.3.1/thumb/v7e-m+fp/softfp\libgcc.a(_arm_addsubdf3.o)
                0x10009160                __aeabi_drsub
                0x10009168                __aeabi_dsub
                0x10009168                __subdf3
                0x1000916c                __aeabi_dadd
                0x1000916c                __adddf3
                0x100093e4                __floatunsidf
                0x100093e4                __aeabi_ui2d
                0x10009404                __floatsidf
                0x10009404                __aeabi_i2d
                0x10009428                __aeabi_f2d
                0x10009428                __extendsfdf2
                0x1000946c                __floatundidf
                0x1000946c                __aeabi_ul2d
                0x1000947c                __floatdidf
                0x1000947c                __aeabi_l2d
 .text          0x100094d8      0x424 c:/maximsdk/tools/gnutools/10.3/bin/../lib/gcc/arm-none-eabi/10.3.1/thumb/v7e-m+fp/softfp\libgcc.a(_arm_muldivdf3.o)
                0x100094d8                __aeabi_dmul
                0x100094d8                __muldf3
                0x1000972c                __divdf3
                0x1000972c                __aeabi_ddiv
 .text          0x100098fc      0x110 c:/maximsdk/tools/gnutools/10.3/bin/../lib/gcc/arm-none-eabi/10.3.1/thumb/v7e-m+fp/softfp\libgcc.a(_arm_cmpdf2.o)
                0x100098fc                __gtdf2
                0x100098fc                __gedf2
                0x10009904                __ltdf2
                0x10009904                __ledf2
                0x1000990c                __nedf2
                0x1000990c                __eqdf2
                0x1000990c                __cmpdf2
                0x10009988                __aeabi_cdrcmple
                0x10009998                __aeabi_cdcmpeq
                0x10009998                __aeabi_cdcmple
                0x100099a8                __aeabi_dcmpeq
                0x100099bc                __aeabi_dcmplt
                0x100099d0                __aeabi_dcmple
                0x100099e4                __aeabi_dcmpge
                0x100099f8                __aeabi_dcmpgt
 .text          0x10009a0c       0x2c c:/maximsdk/tools/gnutools/10.3/bin/../lib/gcc/arm-none-eabi/10.3.1/thumb/v7e-m+fp/softfp\libgcc.a(_arm_unorddf2.o)
                0x10009a0c                __unorddf2
                0x10009a0c                __aeabi_dcmpun
 .text          0x10009a38       0x50 c:/maximsdk/tools/gnutools/10.3/bin/../lib/gcc/arm-none-eabi/10.3.1/thumb/v7e-m+fp/softfp\libgcc.a(_arm_fixdfsi.o)
                0x10009a38                __aeabi_d2iz
                0x10009a38                __fixdfsi
 .text          0x10009a88       0x30 c:/maximsdk/tools/gnutools/10.3/bin/../lib/gcc/arm-none-eabi/10.3.1/thumb/v7e-m+fp/softfp\libgcc.a(_aeabi_uldivmod.o)
                0x10009a88                __aeabi_uldivmod
 .text          0x10009ab8      0x2d0 c:/maximsdk/tools/gnutools/10.3/bin/../lib/gcc/arm-none-eabi/10.3.1/thumb/v7e-m+fp/softfp\libgcc.a(_udivmoddi4.o)
                0x10009ab8                __udivmoddi4
 .text          0x10009d88        0x4 c:/maximsdk/tools/gnutools/10.3/bin/../lib/gcc/arm-none-eabi/10.3.1/thumb/v7e-m+fp/softfp\libgcc.a(_dvmd_tls.o)
                0x10009d88                __aeabi_idiv0
                0x10009d88                __aeabi_ldiv0
 *(.rodata*)
 .rodata.initADC.str1.4
                0x10009d8c       0x14 c:/MaximSDK/Examples/MAX32655/ADC/build/main.o
 .rodata.main.str1.4
                0x10009da0       0x2d c:/MaximSDK/Examples/MAX32655/ADC/build/main.o
 *fill*         0x10009dcd        0x3 
 .rodata.mxc_assert.str1.4
                0x10009dd0       0x19 c:/MaximSDK/Examples/MAX32655/ADC/build/board.o
 *fill*         0x10009de9        0x3 
 .rodata.Board_Init.str1.4
                0x10009dec       0x49 c:/MaximSDK/Examples/MAX32655/ADC/build/board.o
 *fill*         0x10009e35        0x3 
 .rodata        0x10009e38       0x10 c:/MaximSDK/Examples/MAX32655/ADC/build/board.o
 .rodata.led_pin
                0x10009e48       0x24 c:/MaximSDK/Examples/MAX32655/ADC/build/board.o
                0x10009e48                led_pin
 .rodata.num_leds
                0x10009e6c        0x4 c:/MaximSDK/Examples/MAX32655/ADC/build/board.o
                0x10009e6c                num_leds
 .rodata.num_pbs
                0x10009e70        0x4 c:/MaximSDK/Examples/MAX32655/ADC/build/board.o
                0x10009e70                num_pbs
 .rodata.pb_pin
                0x10009e74       0x18 c:/MaximSDK/Examples/MAX32655/ADC/build/board.o
                0x10009e74                pb_pin
 .rodata.LED_On.str1.4
                0x10009e8c       0x3b c:/MaximSDK/Examples/MAX32655/ADC/build/led.o
 *fill*         0x10009ec7        0x1 
 .rodata.MXC_ADC_SetConversionSpeed.str1.4
                0x10009ec8       0x6d C:/MaximSDK/Libraries/PeriphDrivers/bin/MAX32655/softfp/libPeriphDriver_softfp.a(adc_me17.o)
 *fill*         0x10009f35        0x3 
 .rodata.MXC_ADC_RevA_EnableMonitor.str1.4
                0x10009f38       0x5e C:/MaximSDK/Libraries/PeriphDrivers/bin/MAX32655/softfp/libPeriphDriver_softfp.a(adc_reva.o)
 *fill*         0x10009f96        0x2 
 .rodata.MXC_SPI_Init.str1.4
                0x10009f98       0x51 C:/MaximSDK/Libraries/PeriphDrivers/bin/MAX32655/softfp/libPeriphDriver_softfp.a(spi_me17.o)
 *fill*         0x10009fe9        0x3 
 .rodata.MXC_SPI_RevA1_SwapByte.str1.4
                0x10009fec       0x50 C:/MaximSDK/Libraries/PeriphDrivers/bin/MAX32655/softfp/libPeriphDriver_softfp.a(spi_reva1.o)
 .rodata.MXC_SPI_RevA1_TransSetup.str1.4
                0x1000a03c       0x22 C:/MaximSDK/Libraries/PeriphDrivers/bin/MAX32655/softfp/libPeriphDriver_softfp.a(spi_reva1.o)
 *fill*         0x1000a05e        0x2 
 .rodata.gpio_cfg_adc_ain0
                0x1000a060        0xc C:/MaximSDK/Libraries/PeriphDrivers/bin/MAX32655/softfp/libPeriphDriver_softfp.a(pins_me17.o)
                0x1000a060                gpio_cfg_adc_ain0
 .rodata.gpio_cfg_adc_ain1
                0x1000a06c        0xc C:/MaximSDK/Libraries/PeriphDrivers/bin/MAX32655/softfp/libPeriphDriver_softfp.a(pins_me17.o)
                0x1000a06c                gpio_cfg_adc_ain1
 .rodata.gpio_cfg_adc_ain2
                0x1000a078        0xc C:/MaximSDK/Libraries/PeriphDrivers/bin/MAX32655/softfp/libPeriphDriver_softfp.a(pins_me17.o)
                0x1000a078                gpio_cfg_adc_ain2
 .rodata.gpio_cfg_adc_ain3
                0x1000a084        0xc C:/MaximSDK/Libraries/PeriphDrivers/bin/MAX32655/softfp/libPeriphDriver_softfp.a(pins_me17.o)
                0x1000a084                gpio_cfg_adc_ain3
 .rodata.gpio_cfg_adc_ain4
                0x1000a090        0xc C:/MaximSDK/Libraries/PeriphDrivers/bin/MAX32655/softfp/libPeriphDriver_softfp.a(pins_me17.o)
                0x1000a090                gpio_cfg_adc_ain4
 .rodata.gpio_cfg_adc_ain5
                0x1000a09c        0xc C:/MaximSDK/Libraries/PeriphDrivers/bin/MAX32655/softfp/libPeriphDriver_softfp.a(pins_me17.o)
                0x1000a09c                gpio_cfg_adc_ain5
 .rodata.gpio_cfg_adc_ain6
                0x1000a0a8        0xc C:/MaximSDK/Libraries/PeriphDrivers/bin/MAX32655/softfp/libPeriphDriver_softfp.a(pins_me17.o)
                0x1000a0a8                gpio_cfg_adc_ain6
 .rodata.gpio_cfg_adc_ain7
                0x1000a0b4        0xc C:/MaximSDK/Libraries/PeriphDrivers/bin/MAX32655/softfp/libPeriphDriver_softfp.a(pins_me17.o)
                0x1000a0b4                gpio_cfg_adc_ain7
 .rodata.gpio_cfg_extclk
                0x1000a0c0        0xc C:/MaximSDK/Libraries/PeriphDrivers/bin/MAX32655/softfp/libPeriphDriver_softfp.a(pins_me17.o)
                0x1000a0c0                gpio_cfg_extclk
 .rodata.gpio_cfg_uart0
                0x1000a0cc        0xc C:/MaximSDK/Libraries/PeriphDrivers/bin/MAX32655/softfp/libPeriphDriver_softfp.a(pins_me17.o)
                0x1000a0cc                gpio_cfg_uart0
 .rodata.gpio_cfg_uart1
                0x1000a0d8        0xc C:/MaximSDK/Libraries/PeriphDrivers/bin/MAX32655/softfp/libPeriphDriver_softfp.a(pins_me17.o)
                0x1000a0d8                gpio_cfg_uart1
 .rodata.gpio_cfg_uart2
                0x1000a0e4        0xc C:/MaximSDK/Libraries/PeriphDrivers/bin/MAX32655/softfp/libPeriphDriver_softfp.a(pins_me17.o)
                0x1000a0e4                gpio_cfg_uart2
 .rodata.gpio_cfg_uart3
                0x1000a0f0        0xc C:/MaximSDK/Libraries/PeriphDrivers/bin/MAX32655/softfp/libPeriphDriver_softfp.a(pins_me17.o)
                0x1000a0f0                gpio_cfg_uart3
 .rodata.MXC_GPIO_Common_Handler.str1.4
                0x1000a0fc       0x66 C:/MaximSDK/Libraries/PeriphDrivers/bin/MAX32655/softfp/libPeriphDriver_softfp.a(gpio_common.o)
 *fill*         0x1000a162        0x2 
 .rodata._global_impure_ptr
                0x1000a164        0x4 c:/maximsdk/tools/gnutools/10.3/bin/../lib/gcc/arm-none-eabi/10.3.1/../../../../arm-none-eabi/lib/thumb/v7e-m+fp/softfp\libc.a(lib_a-impure.o)
                0x1000a164                _global_impure_ptr
 .rodata._puts_r.str1.4
                0x1000a168        0x2 c:/maximsdk/tools/gnutools/10.3/bin/../lib/gcc/arm-none-eabi/10.3.1/../../../../arm-none-eabi/lib/thumb/v7e-m+fp/softfp\libc.a(lib_a-puts.o)
 *fill*         0x1000a16a        0x2 
 .rodata._vfprintf_r.str1.4
                0x1000a16c       0x42 c:/maximsdk/tools/gnutools/10.3/bin/../lib/gcc/arm-none-eabi/10.3.1/../../../../arm-none-eabi/lib/thumb/v7e-m+fp/softfp\libc.a(lib_a-vfprintf.o)
 *fill*         0x1000a1ae        0x2 
 .rodata.blanks.1
                0x1000a1b0       0x10 c:/maximsdk/tools/gnutools/10.3/bin/../lib/gcc/arm-none-eabi/10.3.1/../../../../arm-none-eabi/lib/thumb/v7e-m+fp/softfp\libc.a(lib_a-vfprintf.o)
 .rodata.zeroes.0
                0x1000a1c0       0x10 c:/maximsdk/tools/gnutools/10.3/bin/../lib/gcc/arm-none-eabi/10.3.1/../../../../arm-none-eabi/lib/thumb/v7e-m+fp/softfp\libc.a(lib_a-vfprintf.o)
 .rodata._dtoa_r.str1.4
                0x1000a1d0       0xa2 c:/maximsdk/tools/gnutools/10.3/bin/../lib/gcc/arm-none-eabi/10.3.1/../../../../arm-none-eabi/lib/thumb/v7e-m+fp/softfp\libc.a(lib_a-dtoa.o)
                                 0xa6 (size before relaxing)
 *fill*         0x1000a272        0x2 
 .rodata.__multadd.str1.4
                0x1000a274       0x7f c:/maximsdk/tools/gnutools/10.3/bin/../lib/gcc/arm-none-eabi/10.3.1/../../../../arm-none-eabi/lib/thumb/v7e-m+fp/softfp\libc.a(lib_a-mprec.o)
                                 0x93 (size before relaxing)
 *fill*         0x1000a2f3        0x5 
 .rodata.__mprec_bigtens
                0x1000a2f8       0x28 c:/maximsdk/tools/gnutools/10.3/bin/../lib/gcc/arm-none-eabi/10.3.1/../../../../arm-none-eabi/lib/thumb/v7e-m+fp/softfp\libc.a(lib_a-mprec.o)
                0x1000a2f8                __mprec_bigtens
 .rodata.__mprec_tens
                0x1000a320       0xc8 c:/maximsdk/tools/gnutools/10.3/bin/../lib/gcc/arm-none-eabi/10.3.1/../../../../arm-none-eabi/lib/thumb/v7e-m+fp/softfp\libc.a(lib_a-mprec.o)
                0x1000a320                __mprec_tens
 .rodata.p05.0  0x1000a3e8        0xc c:/maximsdk/tools/gnutools/10.3/bin/../lib/gcc/arm-none-eabi/10.3.1/../../../../arm-none-eabi/lib/thumb/v7e-m+fp/softfp\libc.a(lib_a-mprec.o)
 .rodata._vfiprintf_r.str1.4
                0x1000a3f4       0x2f c:/maximsdk/tools/gnutools/10.3/bin/../lib/gcc/arm-none-eabi/10.3.1/../../../../arm-none-eabi/lib/thumb/v7e-m+fp/softfp\libc.a(lib_a-vfiprintf.o)
 .rodata.blanks.1
                0x1000a3f4       0x10 c:/maximsdk/tools/gnutools/10.3/bin/../lib/gcc/arm-none-eabi/10.3.1/../../../../arm-none-eabi/lib/thumb/v7e-m+fp/softfp\libc.a(lib_a-vfiprintf.o)
 .rodata.zeroes.0
                0x1000a404       0x10 c:/maximsdk/tools/gnutools/10.3/bin/../lib/gcc/arm-none-eabi/10.3.1/../../../../arm-none-eabi/lib/thumb/v7e-m+fp/softfp\libc.a(lib_a-vfiprintf.o)
 .rodata.__assert_func.str1.4
                0x1000a414       0x3f c:/maximsdk/tools/gnutools/10.3/bin/../lib/gcc/arm-none-eabi/10.3.1/../../../../arm-none-eabi/lib/thumb/v7e-m+fp/softfp\libc.a(lib_a-assert.o)
                                 0x43 (size before relaxing)
 *fill*         0x1000a453        0x1 
 .rodata._setlocale_r.str1.4
                0x1000a454        0xa c:/maximsdk/tools/gnutools/10.3/bin/../lib/gcc/arm-none-eabi/10.3.1/../../../../arm-none-eabi/lib/thumb/v7e-m+fp/softfp\libc.a(lib_a-locale.o)
                                  0xd (size before relaxing)
 *fill*         0x1000a45e        0x2 
 .rodata.str1.4
                0x1000a460        0x2 c:/maximsdk/tools/gnutools/10.3/bin/../lib/gcc/arm-none-eabi/10.3.1/../../../../arm-none-eabi/lib/thumb/v7e-m+fp/softfp\libc.a(lib_a-locale.o)
 *fill*         0x1000a462        0x2 
 .rodata._ctype_
                0x1000a464      0x101 c:/maximsdk/tools/gnutools/10.3/bin/../lib/gcc/arm-none-eabi/10.3.1/../../../../arm-none-eabi/lib/thumb/v7e-m+fp/softfp\libc.a(lib_a-ctype_.o)
                0x1000a464                _ctype_
 *(.init)
 *fill*         0x1000a565        0x3 
 .init          0x1000a568        0x4 c:/maximsdk/tools/gnutools/10.3/bin/../lib/gcc/arm-none-eabi/10.3.1/thumb/v7e-m+fp/softfp/crti.o
                0x1000a568                _init
 .init          0x1000a56c        0x8 c:/maximsdk/tools/gnutools/10.3/bin/../lib/gcc/arm-none-eabi/10.3.1/thumb/v7e-m+fp/softfp/crtn.o
 *(.fini)
 .fini          0x1000a574        0x4 c:/maximsdk/tools/gnutools/10.3/bin/../lib/gcc/arm-none-eabi/10.3.1/thumb/v7e-m+fp/softfp/crti.o
                0x1000a574                _fini
 .fini          0x1000a578        0x8 c:/maximsdk/tools/gnutools/10.3/bin/../lib/gcc/arm-none-eabi/10.3.1/thumb/v7e-m+fp/softfp/crtn.o
 *crtbegin.o(.ctors)
 *crtbegin?.o(.ctors)
 *(EXCLUDE_FILE(*crtend.o *crtend?.o) .ctors)
 *(SORT_BY_NAME(.ctors.*))
 *(.ctors)
 *crtbegin.o(.dtors)
 *crtbegin?.o(.dtors)
 *(EXCLUDE_FILE(*crtend.o *crtend?.o) .dtors)
 *(SORT_BY_NAME(.dtors.*))
 *(.dtors)
 *(.eh_frame*)
 .eh_frame      0x1000a580        0x0 c:/maximsdk/tools/gnutools/10.3/bin/../lib/gcc/arm-none-eabi/10.3.1/thumb/v7e-m+fp/softfp/crtbegin.o
 .eh_frame      0x1000a580        0x4 c:/maximsdk/tools/gnutools/10.3/bin/../lib/gcc/arm-none-eabi/10.3.1/thumb/v7e-m+fp/softfp/crtend.o
                0x1000a584                _etext = .

.glue_7         0x1000a584        0x0
 .glue_7        0x1000a584        0x0 linker stubs

.glue_7t        0x1000a584        0x0
 .glue_7t       0x1000a584        0x0 linker stubs

.vfp11_veneer   0x1000a584        0x0
 .vfp11_veneer  0x1000a584        0x0 linker stubs

.v4_bx          0x1000a584        0x0
 .v4_bx         0x1000a584        0x0 linker stubs

.iplt           0x1000a584        0x0
 .iplt          0x1000a584        0x0 c:/maximsdk/tools/gnutools/10.3/bin/../lib/gcc/arm-none-eabi/10.3.1/thumb/v7e-m+fp/softfp/crtbegin.o

.ARM.extab
 *(.ARM.extab* .gnu.linkonce.armextab.*)

.bin_storage    0x1000a584        0x0
 FILL mask 0xff
                0x1000a584                _bin_start_ = .
 *(.bin_storage_img)
                0x1000a584                _bin_end_ = .
                0x1000a584                . = ALIGN (0x4)

.rom_code       0x00000000        0x0
                0x00000000                . = ALIGN (0x10)
                0x20000000                _sran_code = .
 *(.rom_code_section)
                0x20000000                _esran_code = .

.flash_code     0x1000a584        0xc
                0x1000a590                . = ALIGN (0x10)
 *fill*         0x1000a584        0xc 
                0x20000000                _sran_code = .
 *(.flash_code_section)
                0x20000000                _esran_code = .

.sram_code      0x20000000        0x0
                0x20000000                . = ALIGN (0x10)
                0x20000000                _sran_code = .
 *(.sram_code_section)
                0x20000000                _esran_code = .

.ARM.exidx      0x1000a590        0x8
                0x1000a590                __exidx_start = .
 *(.ARM.exidx* .gnu.linkonce.armexidx.*)
 .ARM.exidx     0x1000a590        0x8 c:/maximsdk/tools/gnutools/10.3/bin/../lib/gcc/arm-none-eabi/10.3.1/thumb/v7e-m+fp/softfp\libgcc.a(_udivmoddi4.o)
                0x1000a598                __exidx_end = .

.rel.dyn        0x1000a598        0x0
 .rel.iplt      0x1000a598        0x0 c:/maximsdk/tools/gnutools/10.3/bin/../lib/gcc/arm-none-eabi/10.3.1/thumb/v7e-m+fp/softfp/crtbegin.o

.data           0x20000000      0x9c4 load address 0x1000a598
                0x20000000                _data = ALIGN (., 0x4)
 *(vtable)
 *(.data*)
 .data.ConsoleUart
                0x20000000        0x4 c:/MaximSDK/Examples/MAX32655/ADC/build/board.o
                0x20000000                ConsoleUart
 .data.SystemCoreClock
                0x20000004        0x4 c:/MaximSDK/Examples/MAX32655/ADC/build/system_max32655.o
                0x20000004                SystemCoreClock
 .data.overflows
                0x20000008        0x4 C:/MaximSDK/Libraries/PeriphDrivers/bin/MAX32655/softfp/libPeriphDriver_softfp.a(mxc_delay.o)
 .data._impure_ptr
                0x2000000c        0x4 c:/maximsdk/tools/gnutools/10.3/bin/../lib/gcc/arm-none-eabi/10.3.1/../../../../arm-none-eabi/lib/thumb/v7e-m+fp/softfp\libc.a(lib_a-impure.o)
                0x2000000c                _impure_ptr
 .data.impure_data
                0x20000010      0x428 c:/maximsdk/tools/gnutools/10.3/bin/../lib/gcc/arm-none-eabi/10.3.1/../../../../arm-none-eabi/lib/thumb/v7e-m+fp/softfp\libc.a(lib_a-impure.o)
 .data.__malloc_av_
                0x20000438      0x408 c:/maximsdk/tools/gnutools/10.3/bin/../lib/gcc/arm-none-eabi/10.3.1/../../../../arm-none-eabi/lib/thumb/v7e-m+fp/softfp\libc.a(lib_a-mallocr.o)
                0x20000438                __malloc_av_
 .data.__malloc_sbrk_base
                0x20000840        0x4 c:/maximsdk/tools/gnutools/10.3/bin/../lib/gcc/arm-none-eabi/10.3.1/../../../../arm-none-eabi/lib/thumb/v7e-m+fp/softfp\libc.a(lib_a-mallocr.o)
                0x20000840                __malloc_sbrk_base
 .data.__malloc_trim_threshold
                0x20000844        0x4 c:/maximsdk/tools/gnutools/10.3/bin/../lib/gcc/arm-none-eabi/10.3.1/../../../../arm-none-eabi/lib/thumb/v7e-m+fp/softfp\libc.a(lib_a-mallocr.o)
                0x20000844                __malloc_trim_threshold
 .data.__atexit_recursive_mutex
                0x20000848        0x4 c:/maximsdk/tools/gnutools/10.3/bin/../lib/gcc/arm-none-eabi/10.3.1/../../../../arm-none-eabi/lib/thumb/v7e-m+fp/softfp\libc.a(lib_a-__call_atexit.o)
                0x20000848                __atexit_recursive_mutex
 .data.__global_locale
                0x2000084c      0x16c c:/maximsdk/tools/gnutools/10.3/bin/../lib/gcc/arm-none-eabi/10.3.1/../../../../arm-none-eabi/lib/thumb/v7e-m+fp/softfp\libc.a(lib_a-locale.o)
                0x2000084c                __global_locale
 *(.flashprog*)
                0x200009b8                . = ALIGN (0x4)
                0x200009b8                PROVIDE (__preinit_array_start = .)
 *(.preinit_array)
                0x200009b8                PROVIDE (__preinit_array_end = .)
                0x200009b8                . = ALIGN (0x4)
                0x200009b8                PROVIDE (__init_array_start = .)
 *(SORT_BY_NAME(.init_array.*))
 .init_array.00000
                0x200009b8        0x4 c:/maximsdk/tools/gnutools/10.3/bin/../lib/gcc/arm-none-eabi/10.3.1/../../../../arm-none-eabi/lib/thumb/v7e-m+fp/softfp\libc.a(lib_a-__call_atexit.o)
 *(.init_array)
 .init_array    0x200009bc        0x4 c:/maximsdk/tools/gnutools/10.3/bin/../lib/gcc/arm-none-eabi/10.3.1/thumb/v7e-m+fp/softfp/crtbegin.o
                0x200009c0                PROVIDE (__init_array_end = .)
                0x200009c0                . = ALIGN (0x4)
                0x200009c0                PROVIDE (__fini_array_start = .)
 *(SORT_BY_NAME(.fini_array.*))
 *(.fini_array)
 .fini_array    0x200009c0        0x4 c:/maximsdk/tools/gnutools/10.3/bin/../lib/gcc/arm-none-eabi/10.3.1/thumb/v7e-m+fp/softfp/crtbegin.o
                0x200009c4                PROVIDE (__fini_array_end = .)
                0x200009c4                _edata = ALIGN (., 0x4)
                0x1000a598                __load_data = LOADADDR (.data)

.igot.plt       0x200009c4        0x0 load address 0x1000af5c
 .igot.plt      0x200009c4        0x0 c:/maximsdk/tools/gnutools/10.3/bin/../lib/gcc/arm-none-eabi/10.3.1/thumb/v7e-m+fp/softfp/crtbegin.o

.bss            0x200009c4      0x4f4 load address 0x1000af5c
                0x200009c4                . = ALIGN (0x4)
                0x200009c4                _bss = .
 *(.bss*)
 .bss           0x200009c4       0x1c c:/maximsdk/tools/gnutools/10.3/bin/../lib/gcc/arm-none-eabi/10.3.1/thumb/v7e-m+fp/softfp/crtbegin.o
 .bss.g_cfg     0x200009e0       0x10 c:/MaximSDK/Examples/MAX32655/ADC/build/w25.o
 .bss.g_is_configured
                0x200009f0        0x1 c:/MaximSDK/Examples/MAX32655/ADC/build/w25.o
 *fill*         0x200009f1        0x3 
 .bss.heap_end  0x200009f4        0x4 c:/MaximSDK/Examples/MAX32655/ADC/build/heap.o
 .bss.cbFunc    0x200009f8        0x4 C:/MaximSDK/Libraries/PeriphDrivers/bin/MAX32655/softfp/libPeriphDriver_softfp.a(mxc_delay.o)
 .bss.ctrl_save
                0x200009fc        0x4 C:/MaximSDK/Libraries/PeriphDrivers/bin/MAX32655/softfp/libPeriphDriver_softfp.a(mxc_delay.o)
 .bss.endtick   0x20000a00        0x4 C:/MaximSDK/Libraries/PeriphDrivers/bin/MAX32655/softfp/libPeriphDriver_softfp.a(mxc_delay.o)
 .bss.async_callback
                0x20000a04        0x4 C:/MaximSDK/Libraries/PeriphDrivers/bin/MAX32655/softfp/libPeriphDriver_softfp.a(adc_reva.o)
 .bss.async_req
                0x20000a08        0x4 C:/MaximSDK/Libraries/PeriphDrivers/bin/MAX32655/softfp/libPeriphDriver_softfp.a(adc_reva.o)
 .bss.states    0x20000a0c       0x10 C:/MaximSDK/Libraries/PeriphDrivers/bin/MAX32655/softfp/libPeriphDriver_softfp.a(adc_reva.o)
 .bss.states    0x20000a1c       0x50 C:/MaximSDK/Libraries/PeriphDrivers/bin/MAX32655/softfp/libPeriphDriver_softfp.a(spi_reva1.o)
 .bss.callback  0x20000a6c      0x200 C:/MaximSDK/Libraries/PeriphDrivers/bin/MAX32655/softfp/libPeriphDriver_softfp.a(gpio_common.o)
 .bss.cbparam   0x20000c6c      0x200 C:/MaximSDK/Libraries/PeriphDrivers/bin/MAX32655/softfp/libPeriphDriver_softfp.a(gpio_common.o)
 .bss.initialized
                0x20000e6c        0x1 C:/MaximSDK/Libraries/PeriphDrivers/bin/MAX32655/softfp/libPeriphDriver_softfp.a(gpio_common.o)
 *fill*         0x20000e6d        0x3 
 .bss.__malloc_current_mallinfo
                0x20000e70       0x28 c:/maximsdk/tools/gnutools/10.3/bin/../lib/gcc/arm-none-eabi/10.3.1/../../../../arm-none-eabi/lib/thumb/v7e-m+fp/softfp\libc.a(lib_a-mallocr.o)
                0x20000e70                __malloc_current_mallinfo
 .bss.__malloc_max_sbrked_mem
                0x20000e98        0x4 c:/maximsdk/tools/gnutools/10.3/bin/../lib/gcc/arm-none-eabi/10.3.1/../../../../arm-none-eabi/lib/thumb/v7e-m+fp/softfp\libc.a(lib_a-mallocr.o)
                0x20000e98                __malloc_max_sbrked_mem
 .bss.__malloc_max_total_mem
                0x20000e9c        0x4 c:/maximsdk/tools/gnutools/10.3/bin/../lib/gcc/arm-none-eabi/10.3.1/../../../../arm-none-eabi/lib/thumb/v7e-m+fp/softfp\libc.a(lib_a-mallocr.o)
                0x20000e9c                __malloc_max_total_mem
 .bss.__malloc_top_pad
                0x20000ea0        0x4 c:/maximsdk/tools/gnutools/10.3/bin/../lib/gcc/arm-none-eabi/10.3.1/../../../../arm-none-eabi/lib/thumb/v7e-m+fp/softfp\libc.a(lib_a-mallocr.o)
                0x20000ea0                __malloc_top_pad
 .bss.__lock___atexit_recursive_mutex
                0x20000ea4        0x1 c:/maximsdk/tools/gnutools/10.3/bin/../lib/gcc/arm-none-eabi/10.3.1/../../../../arm-none-eabi/lib/thumb/v7e-m+fp/softfp\libc.a(lib_a-lock.o)
                0x20000ea4                __lock___atexit_recursive_mutex
 *fill*         0x20000ea5        0x3 
 .bss.__lock___malloc_recursive_mutex
                0x20000ea8        0x1 c:/maximsdk/tools/gnutools/10.3/bin/../lib/gcc/arm-none-eabi/10.3.1/../../../../arm-none-eabi/lib/thumb/v7e-m+fp/softfp\libc.a(lib_a-lock.o)
                0x20000ea8                __lock___malloc_recursive_mutex
 *fill*         0x20000ea9        0x3 
 .bss.__lock___sfp_recursive_mutex
                0x20000eac        0x1 c:/maximsdk/tools/gnutools/10.3/bin/../lib/gcc/arm-none-eabi/10.3.1/../../../../arm-none-eabi/lib/thumb/v7e-m+fp/softfp\libc.a(lib_a-lock.o)
                0x20000eac                __lock___sfp_recursive_mutex
 *fill*         0x20000ead        0x3 
 .bss.__lock___sinit_recursive_mutex
                0x20000eb0        0x1 c:/maximsdk/tools/gnutools/10.3/bin/../lib/gcc/arm-none-eabi/10.3.1/../../../../arm-none-eabi/lib/thumb/v7e-m+fp/softfp\libc.a(lib_a-lock.o)
                0x20000eb0                __lock___sinit_recursive_mutex
 *fill*         0x20000eb1        0x3 
 .bss.errno     0x20000eb4        0x4 c:/maximsdk/tools/gnutools/10.3/bin/../lib/gcc/arm-none-eabi/10.3.1/../../../../arm-none-eabi/lib/thumb/v7e-m+fp/softfp\libc.a(lib_a-reent.o)
                0x20000eb4                errno
 *(COMMON)
                0x20000eb8                _ebss = ALIGN (., 0x4)

.pal_nvm_db     0x10080000        0x0
                0x10080000                . = ALIGN (0x2000)
                0x10080000                __pal_nvm_db_start__ = .
                0x10080000                . = (. + _PAL_NVM_SIZE)
                0x10080000                __pal_nvm_db_end__ = .

.riscv_flash
 *riscv.o()

.shared         0x20000eb8        0x0
                0x20000eb8                . = ALIGN (0x4)
                0x20000eb8                _shared = .
 *(.mailbox*)
                0x20000eb8                . = ALIGN (0x4)
 *(.shared*)
                0x20000eb8                _eshared = ALIGN (., 0x4)
                0x20000eb8                __shared_data = LOADADDR (.shared)
                0x20020000                __StackTop = (ORIGIN (SRAM) + LENGTH (SRAM))
                0x2001f000                __StackLimit = (__StackTop - SIZEOF (.stack_dummy))

.stack_dummy    0x20000eb8     0x1000
 *(.stack*)
 .stack         0x20000eb8     0x1000 c:/MaximSDK/Examples/MAX32655/ADC/build/startup_max32655.o

.heap           0x20000eb8      0xc00
                0x20000eb8                . = ALIGN (0x4)
 *(.heap*)
 .heap          0x20000eb8      0xc00 c:/MaximSDK/Examples/MAX32655/ADC/build/startup_max32655.o
                0x20000eb8                __HeapBase
                0x2001f000                __HeapLimit = ABSOLUTE (__StackLimit)

.mailbox_0      0x20020000        0x0
                0x20020000                _mailbox_0 = ALIGN (., 0x4)
 *(.mailbox_0*)
                0x20020000                . = (. + _MAILBOX_SIZE)
                0x20020000                _emailbox_0 = ALIGN (., 0x4)

.mailbox_1      0x20020000        0x0
                0x20020000                _mailbox_1 = ALIGN (., 0x4)
 *(.mailbox_1*)
                0x20020000                . = (. + _MAILBOX_SIZE)
                0x20020000                _emailbox_1 = ALIGN (., 0x4)
                0x20020000                PROVIDE (__stack = __StackTop)
                0x00000001                ASSERT ((__StackLimit >= _ebss), region RAM overflowed with stack)
OUTPUT(c:/MaximSDK/Examples/MAX32655/ADC/build/ADC.elf elf32-littlearm)
LOAD linker stubs

.ARM.attributes
                0x00000000       0x2e
 .ARM.attributes
                0x00000000       0x1e c:/maximsdk/tools/gnutools/10.3/bin/../lib/gcc/arm-none-eabi/10.3.1/thumb/v7e-m+fp/softfp/crti.o
 .ARM.attributes
                0x0000001e       0x32 c:/maximsdk/tools/gnutools/10.3/bin/../lib/gcc/arm-none-eabi/10.3.1/thumb/v7e-m+fp/softfp/crtbegin.o
 .ARM.attributes
                0x00000050       0x32 c:/MaximSDK/Examples/MAX32655/ADC/build/main.o
 .ARM.attributes
                0x00000082       0x32 c:/MaximSDK/Examples/MAX32655/ADC/build/board.o
 .ARM.attributes
                0x000000b4       0x32 c:/MaximSDK/Examples/MAX32655/ADC/build/stdio.o
 .ARM.attributes
                0x000000e6       0x32 c:/MaximSDK/Examples/MAX32655/ADC/build/led.o
 .ARM.attributes
                0x00000118       0x32 c:/MaximSDK/Examples/MAX32655/ADC/build/pb.o
 .ARM.attributes
                0x0000014a       0x32 c:/MaximSDK/Examples/MAX32655/ADC/build/w25.o
 .ARM.attributes
                0x0000017c       0x1b c:/MaximSDK/Examples/MAX32655/ADC/build/startup_max32655.o
 .ARM.attributes
                0x00000197       0x32 c:/MaximSDK/Examples/MAX32655/ADC/build/heap.o
 .ARM.attributes
                0x000001c9       0x32 c:/MaximSDK/Examples/MAX32655/ADC/build/system_max32655.o
 .ARM.attributes
                0x000001fb       0x32 C:/MaximSDK/Libraries/PeriphDrivers/bin/MAX32655/softfp/libPeriphDriver_softfp.a(mxc_delay.o)
 .ARM.attributes
                0x0000022d       0x32 C:/MaximSDK/Libraries/PeriphDrivers/bin/MAX32655/softfp/libPeriphDriver_softfp.a(sys_me17.o)
 .ARM.attributes
                0x0000025f       0x32 C:/MaximSDK/Libraries/PeriphDrivers/bin/MAX32655/softfp/libPeriphDriver_softfp.a(adc_me17.o)
 .ARM.attributes